D/AndroidRuntime( 3916): >>>>>> AndroidRuntime START com.android.internal.os.RuntimeInit <<<<<<
W/linker  ( 3916): libdvm.so has text relocations. This is wasting memory and is a security risk. Please fix.
D/AndroidRuntime( 3916): CheckJNI is ON
D/dalvikvm( 3916): Trying to load lib libjavacore.so 0x0
D/dalvikvm( 3916): Added shared lib libjavacore.so 0x0
D/dalvikvm( 3916): Trying to load lib libnativehelper.so 0x0
D/dalvikvm( 3916): Added shared lib libnativehelper.so 0x0
D/dalvikvm( 3916): No JNI_OnLoad found in libnativehelper.so 0x0, skipping init
D/dalvikvm( 3912): Note: class Landroid/app/ActivityManagerNative; has 179 unimplemented (abstract) methods
E/GroupMessengerActivity( 3693): ServerTask serversocket TimeoutException : here 0
E/GroupMessengerActivity( 3693): ClientTask socket IOException : 0
E/memtrack( 3914): Couldn't load memtrack module (No such file or directory)
E/android.os.Debug( 3914): failed to load memtrack module: -2
D/dalvikvm( 3916): Note: class Landroid/app/ActivityManagerNative; has 179 unimplemented (abstract) methods
D/AndroidRuntime( 3914): Calling main entry com.android.commands.pm.Pm
E/memtrack( 3912): Couldn't load memtrack module (No such file or directory)
E/android.os.Debug( 3912): failed to load memtrack module: -2
D/AndroidRuntime( 3912): Calling main entry com.android.commands.pm.Pm
D/AndroidRuntime( 3912): Shutting down VM
D/jdwp    ( 3912): Got wake-up signal, bailing out of select
D/dalvikvm( 3912): Debugger has detached; object registry had 1 entries
D/AndroidRuntime( 3914): Shutting down VM
D/jdwp    ( 3914): Got wake-up signal, bailing out of select
D/dalvikvm( 3914): Debugger has detached; object registry had 1 entries
E/memtrack( 3918): Couldn't load memtrack module (No such file or directory)
E/android.os.Debug( 3918): failed to load memtrack module: -2
E/memtrack( 3916): Couldn't load memtrack module (No such file or directory)
E/android.os.Debug( 3916): failed to load memtrack module: -2
D/AndroidRuntime( 3918): Calling main entry com.android.commands.pm.Pm
D/AndroidRuntime( 3918): Shutting down VM
D/jdwp    ( 3918): Got wake-up signal, bailing out of select
D/dalvikvm( 3918): Debugger has detached; object registry had 1 entries
D/AndroidRuntime( 3916): Calling main entry com.android.commands.pm.Pm
D/AndroidRuntime( 3916): Shutting down VM
D/jdwp    ( 3916): Got wake-up signal, bailing out of select
D/dalvikvm( 3916): Debugger has detached; object registry had 1 entries
E/GroupMessengerActivity( 3693): ServerTask serversocket TimeoutException : here 0
E/GroupMessengerActivity( 3693): ClientTask socket IOException : 0
E/GroupMessengerActivity( 3693): ServerTask serversocket TimeoutException : here 0
E/GroupMessengerActivity( 3693): ClientTask socket IOException : 0
E/GroupMessengerActivity( 3693): ServerTask serversocket TimeoutException : here 0
E/GroupMessengerActivity( 3693): ClientTask socket IOException : 0
E/GroupMessengerActivity( 3693): ServerTask serversocket TimeoutException : here 0
E/GroupMessengerActivity( 3693): ClientTask socket IOException : 0
E/GroupMessengerActivity( 3693): ServerTask serversocket TimeoutException : here 0
E/GroupMessengerActivity( 3693): ClientTask socket IOException : 0
D/AlarmManagerService( 1577): Kernel timezone updated to 240 minutes west of GMT
D/        ( 1766): Setting time of day to sec=1552354287
V/AlarmClock( 2112): AlarmInitReceiver android.intent.action.TIME_SET
D/dalvikvm( 2112): GC_FOR_ALLOC freed 538K, 19% free 2722K/3336K, paused 3ms, total 3ms
D/OpenGLRenderer( 1660): GL error from OpenGLRenderer: 0x502
E/OpenGLRenderer( 1660):   GL_INVALID_OPERATION
I/AlarmClock( 2112): Displaying next alarm time: ''
V/AlarmClock( 2112): AlarmInitReceiver finished
E/GroupMessengerActivity( 3693): ServerTask serversocket TimeoutException : here 0
E/GroupMessengerActivity( 3693): ClientTask socket IOException : 0
E/GroupMessengerActivity( 3693): ServerTask serversocket TimeoutException : here 0
E/GroupMessengerActivity( 3693): ClientTask socket IOException : 0
E/GroupMessengerActivity( 3693): ServerTask serversocket TimeoutException : here 0
E/GroupMessengerActivity( 3693): ClientTask socket IOException : 0
D/AndroidRuntime( 3967): 
D/AndroidRuntime( 3967): >>>>>> AndroidRuntime START com.android.internal.os.RuntimeInit <<<<<<
W/linker  ( 3967): libdvm.so has text relocations. This is wasting memory and is a security risk. Please fix.
D/AndroidRuntime( 3967): CheckJNI is ON
D/AndroidRuntime( 3969): 
D/AndroidRuntime( 3969): >>>>>> AndroidRuntime START com.android.internal.os.RuntimeInit <<<<<<
W/linker  ( 3969): libdvm.so has text relocations. This is wasting memory and is a security risk. Please fix.
D/AndroidRuntime( 3969): CheckJNI is ON
D/AndroidRuntime( 3965): 
D/AndroidRuntime( 3965): >>>>>> AndroidRuntime START com.android.internal.os.RuntimeInit <<<<<<
D/dalvikvm( 3969): Trying to load lib libjavacore.so 0x0
E/GroupMessengerActivity( 3693): ServerTask serversocket TimeoutException : here 0
W/linker  ( 3965): libdvm.so has text relocations. This is wasting memory and is a security risk. Please fix.
D/AndroidRuntime( 3965): CheckJNI is ON
D/dalvikvm( 3967): Trying to load lib libjavacore.so 0x0
D/dalvikvm( 3967): Added shared lib libjavacore.so 0x0
D/dalvikvm( 3967): Trying to load lib libnativehelper.so 0x0
D/dalvikvm( 3967): Added shared lib libnativehelper.so 0x0
D/dalvikvm( 3967): No JNI_OnLoad found in libnativehelper.so 0x0, skipping init
D/dalvikvm( 3969): Added shared lib libjavacore.so 0x0
D/AndroidRuntime( 3971): 
D/AndroidRuntime( 3971): >>>>>> AndroidRuntime START com.android.internal.os.RuntimeInit <<<<<<
W/linker  ( 3971): libdvm.so has text relocations. This is wasting memory and is a security risk. Please fix.
D/AndroidRuntime( 3971): CheckJNI is ON
D/dalvikvm( 3965): Trying to load lib libjavacore.so 0x0
D/dalvikvm( 3969): Trying to load lib libnativehelper.so 0x0
D/dalvikvm( 3969): Added shared lib libnativehelper.so 0x0
D/dalvikvm( 3969): No JNI_OnLoad found in libnativehelper.so 0x0, skipping init
D/dalvikvm( 3965): Added shared lib libjavacore.so 0x0
D/dalvikvm( 3971): Trying to load lib libjavacore.so 0x0
D/dalvikvm( 3965): Trying to load lib libnativehelper.so 0x0
D/dalvikvm( 3965): Added shared lib libnativehelper.so 0x0
D/dalvikvm( 3965): No JNI_OnLoad found in libnativehelper.so 0x0, skipping init
D/dalvikvm( 3971): Added shared lib libjavacore.so 0x0
D/dalvikvm( 3971): Trying to load lib libnativehelper.so 0x0
D/dalvikvm( 3971): Added shared lib libnativehelper.so 0x0
D/dalvikvm( 3971): No JNI_OnLoad found in libnativehelper.so 0x0, skipping init
D/dalvikvm( 3967): Note: class Landroid/app/ActivityManagerNative; has 179 unimplemented (abstract) methods
E/GroupMessengerActivity( 3693): ClientTask socket IOException : 0
D/dalvikvm( 3969): Note: class Landroid/app/ActivityManagerNative; has 179 unimplemented (abstract) methods
D/dalvikvm( 3971): Note: class Landroid/app/ActivityManagerNative; has 179 unimplemented (abstract) methods
D/dalvikvm( 3965): Note: class Landroid/app/ActivityManagerNative; has 179 unimplemented (abstract) methods
E/memtrack( 3967): Couldn't load memtrack module (No such file or directory)
E/android.os.Debug( 3967): failed to load memtrack module: -2
D/AndroidRuntime( 3967): Calling main entry com.android.commands.pm.Pm
E/memtrack( 3965): Couldn't load memtrack module (No such file or directory)
E/android.os.Debug( 3965): failed to load memtrack module: -2
E/GroupMessengerActivity( 3693): ServerTask serversocket TimeoutException : here 0
D/AndroidRuntime( 3965): Calling main entry com.android.commands.pm.Pm
D/AndroidRuntime( 3965): Shutting down VM
D/AndroidRuntime( 3967): Shutting down VM
D/jdwp    ( 3967): Got wake-up signal, bailing out of select
D/dalvikvm( 3967): Debugger has detached; object registry had 1 entries
E/memtrack( 3971): Couldn't load memtrack module (No such file or directory)
E/android.os.Debug( 3971): failed to load memtrack module: -2
D/jdwp    ( 3965): Got wake-up signal, bailing out of select
D/dalvikvm( 3965): Debugger has detached; object registry had 1 entries
E/memtrack( 3969): Couldn't load memtrack module (No such file or directory)
E/android.os.Debug( 3969): failed to load memtrack module: -2
D/AndroidRuntime( 3969): Calling main entry com.android.commands.pm.Pm
D/AndroidRuntime( 3971): Calling main entry com.android.commands.pm.Pm
D/AndroidRuntime( 3969): Shutting down VM
D/jdwp    ( 3969): Got wake-up signal, bailing out of select
D/dalvikvm( 3969): Debugger has detached; object registry had 1 entries
I/AndroidRuntime( 3969): NOTE: attach of thread 'Binder_1' failed
D/AndroidRuntime( 3971): Shutting down VM
D/jdwp    ( 3971): Got wake-up signal, bailing out of select
D/dalvikvm( 3971): Debugger has detached; object registry had 1 entries
E/GroupMessengerActivity( 3693): ClientTask socket IOException : 0
D/AndroidRuntime( 4022): 
D/AndroidRuntime( 4022): >>>>>> AndroidRuntime START com.android.internal.os.RuntimeInit <<<<<<
W/linker  ( 4022): libdvm.so has text relocations. This is wasting memory and is a security risk. Please fix.
D/AndroidRuntime( 4022): CheckJNI is ON
D/dalvikvm( 4022): Trying to load lib libjavacore.so 0x0
D/dalvikvm( 4022): Added shared lib libjavacore.so 0x0
D/dalvikvm( 4022): Trying to load lib libnativehelper.so 0x0
D/dalvikvm( 4022): Added shared lib libnativehelper.so 0x0
D/dalvikvm( 4022): No JNI_OnLoad found in libnativehelper.so 0x0, skipping init
D/AndroidRuntime( 4024): 
D/AndroidRuntime( 4024): >>>>>> AndroidRuntime START com.android.internal.os.RuntimeInit <<<<<<
D/AndroidRuntime( 4030): 
D/AndroidRuntime( 4030): >>>>>> AndroidRuntime START com.android.internal.os.RuntimeInit <<<<<<
W/linker  ( 4024): libdvm.so has text relocations. This is wasting memory and is a security risk. Please fix.
W/linker  ( 4030): libdvm.so has text relocations. This is wasting memory and is a security risk. Please fix.
D/AndroidRuntime( 4028): 
D/AndroidRuntime( 4028): >>>>>> AndroidRuntime START com.android.internal.os.RuntimeInit <<<<<<
D/AndroidRuntime( 4024): CheckJNI is ON
D/AndroidRuntime( 4030): CheckJNI is ON
W/linker  ( 4028): libdvm.so has text relocations. This is wasting memory and is a security risk. Please fix.
D/AndroidRuntime( 4028): CheckJNI is ON
D/AndroidRuntime( 4026): 
D/AndroidRuntime( 4026): >>>>>> AndroidRuntime START com.android.internal.os.RuntimeInit <<<<<<
W/linker  ( 4026): libdvm.so has text relocations. This is wasting memory and is a security risk. Please fix.
D/AndroidRuntime( 4026): CheckJNI is ON
D/dalvikvm( 4028): Trying to load lib libjavacore.so 0x0
D/dalvikvm( 4026): Trying to load lib libjavacore.so 0x0
D/dalvikvm( 4028): Added shared lib libjavacore.so 0x0
D/dalvikvm( 4026): Added shared lib libjavacore.so 0x0
D/dalvikvm( 4028): Trying to load lib libnativehelper.so 0x0
D/dalvikvm( 4026): Trying to load lib libnativehelper.so 0x0
D/dalvikvm( 4028): Added shared lib libnativehelper.so 0x0
D/dalvikvm( 4028): No JNI_OnLoad found in libnativehelper.so 0x0, skipping init
D/dalvikvm( 4030): Trying to load lib libjavacore.so 0x0
D/dalvikvm( 4030): Added shared lib libjavacore.so 0x0
D/dalvikvm( 4026): Added shared lib libnativehelper.so 0x0
D/dalvikvm( 4026): No JNI_OnLoad found in libnativehelper.so 0x0, skipping init
D/dalvikvm( 4024): Trying to load lib libjavacore.so 0x0
D/dalvikvm( 4024): Added shared lib libjavacore.so 0x0
D/dalvikvm( 4024): Trying to load lib libnativehelper.so 0x0
D/dalvikvm( 4024): Added shared lib libnativehelper.so 0x0
D/dalvikvm( 4024): No JNI_OnLoad found in libnativehelper.so 0x0, skipping init
D/dalvikvm( 4030): Trying to load lib libnativehelper.so 0x0
D/dalvikvm( 4022): Note: class Landroid/app/ActivityManagerNative; has 179 unimplemented (abstract) methods
D/dalvikvm( 4030): Added shared lib libnativehelper.so 0x0
D/dalvikvm( 4030): No JNI_OnLoad found in libnativehelper.so 0x0, skipping init
D/dalvikvm( 4026): Note: class Landroid/app/ActivityManagerNative; has 179 unimplemented (abstract) methods
D/dalvikvm( 4028): Note: class Landroid/app/ActivityManagerNative; has 179 unimplemented (abstract) methods
E/memtrack( 4022): Couldn't load memtrack module (No such file or directory)
E/android.os.Debug( 4022): failed to load memtrack module: -2
D/dalvikvm( 4030): Note: class Landroid/app/ActivityManagerNative; has 179 unimplemented (abstract) methods
D/dalvikvm( 4024): Note: class Landroid/app/ActivityManagerNative; has 179 unimplemented (abstract) methods
E/GroupMessengerActivity( 3693): ServerTask serversocket TimeoutException : here 0
D/AndroidRuntime( 4022): Calling main entry com.android.commands.pm.Pm
E/memtrack( 4026): Couldn't load memtrack module (No such file or directory)
E/android.os.Debug( 4026): failed to load memtrack module: -2
D/AndroidRuntime( 4026): Calling main entry com.android.commands.pm.Pm
D/AndroidRuntime( 4022): Shutting down VM
D/dalvikvm( 4022): GC_CONCURRENT freed 180K, 25% free 558K/740K, paused 0ms+0ms, total 1ms
D/AndroidRuntime( 4026): Shutting down VM
E/memtrack( 4028): Couldn't load memtrack module (No such file or directory)
E/android.os.Debug( 4028): failed to load memtrack module: -2
D/dalvikvm( 4026): GC_CONCURRENT freed 180K, 25% free 558K/740K, paused 1ms+0ms, total 1ms
D/AndroidRuntime( 4028): Calling main entry com.android.commands.pm.Pm
D/AndroidRuntime( 4028): Shutting down VM
E/jdwp    ( 4028): Failed sending reply to debugger: Bad file number
E/memtrack( 4024): Couldn't load memtrack module (No such file or directory)
D/dalvikvm( 4028): Debugger has detached; object registry had 1 entries
E/android.os.Debug( 4024): failed to load memtrack module: -2
E/GroupMessengerActivity( 3693): ClientTask socket IOException : 0
E/memtrack( 4030): Couldn't load memtrack module (No such file or directory)
E/android.os.Debug( 4030): failed to load memtrack module: -2
D/AndroidRuntime( 4024): Calling main entry com.android.commands.pm.Pm
D/AndroidRuntime( 4024): Shutting down VM
D/jdwp    ( 4024): Got wake-up signal, bailing out of select
D/dalvikvm( 4024): Debugger has detached; object registry had 1 entries
D/AndroidRuntime( 4030): Calling main entry com.android.commands.pm.Pm
E/GroupMessengerActivity( 3693): ServerTask serversocket TimeoutException : here 0
D/AndroidRuntime( 4030): Shutting down VM
D/jdwp    ( 4030): Got wake-up signal, bailing out of select
D/dalvikvm( 4030): Debugger has detached; object registry had 1 entries
E/GroupMessengerActivity( 3693): ClientTask socket IOException : 0
E/GroupMessengerActivity( 3693): ServerTask serversocket TimeoutException : here 0
E/GroupMessengerActivity( 3693): ClientTask socket IOException : 0
E/GroupMessengerActivity( 3693): ServerTask serversocket TimeoutException : here 0
E/GroupMessengerActivity( 3693): ClientTask socket IOException : 0
E/GroupMessengerActivity( 3693): ServerTask serversocket TimeoutException : here 0
I/ActivityManager( 1577): Delay finish: com.android.providers.calendar/.CalendarProviderBroadcastReceiver
E/GroupMessengerActivity( 3693): ClientTask socket IOException : 0
I/ActivityManager( 1577): Resuming delayed broadcast
E/GroupMessengerActivity( 3693): ServerTask serversocket TimeoutException : here 0
E/GroupMessengerActivity( 3693): ClientTask socket IOException : 0
E/GroupMessengerActivity( 3693): ServerTask serversocket TimeoutException : here 0
E/GroupMessengerActivity( 3693): ClientTask socket IOException : 0
E/GroupMessengerActivity( 3693): ServerTask serversocket TimeoutException : here 0
E/GroupMessengerActivity( 3693): ClientTask socket IOException : 0
E/GroupMessengerActivity( 3693): ServerTask serversocket TimeoutException : here 0
D/dalvikvm( 3693): GC_FOR_ALLOC freed 287K, 12% free 2853K/3216K, paused 13ms, total 19ms
E/GroupMessengerActivity( 3693): ClientTask socket IOException : 0
E/GroupMessengerActivity( 3693): ServerTask serversocket TimeoutException : here 0
E/GroupMessengerActivity( 3693): ClientTask socket IOException : 0
E/GroupMessengerActivity( 3693): ServerTask serversocket TimeoutException : here 0
E/GroupMessengerActivity( 3693): ClientTask socket IOException : 0
E/GroupMessengerActivity( 3693): ServerTask serversocket TimeoutException : here 0
E/GroupMessengerActivity( 3693): ClientTask socket IOException : 0
E/GroupMessengerActivity( 3693): ServerTask serversocket TimeoutException : here 0
E/GroupMessengerActivity( 3693): ClientTask socket IOException : 0
E/GroupMessengerActivity( 3693): ServerTask serversocket TimeoutException : here 0
E/GroupMessengerActivity( 3693): ClientTask socket IOException : 0
E/GroupMessengerActivity( 3693): ServerTask serversocket TimeoutException : here 0
E/GroupMessengerActivity( 3693): ClientTask socket IOException : 0
E/GroupMessengerActivity( 3693): ServerTask serversocket TimeoutException : here 0
E/GroupMessengerActivity( 3693): ClientTask socket IOException : 0
E/GroupMessengerActivity( 3693): ServerTask serversocket TimeoutException : here 0
E/GroupMessengerActivity( 3693): ClientTask socket IOException : 0
E/GroupMessengerActivity( 3693): ServerTask serversocket TimeoutException : here 0
E/GroupMessengerActivity( 3693): ClientTask socket IOException : 0
E/GroupMessengerActivity( 3693): ServerTask serversocket TimeoutException : here 0
E/GroupMessengerActivity( 3693): ClientTask socket IOException : 0
E/GroupMessengerActivity( 3693): ServerTask serversocket TimeoutException : here 0
E/GroupMessengerActivity( 3693): ClientTask socket IOException : 0
E/GroupMessengerActivity( 3693): ServerTask serversocket TimeoutException : here 0
E/GroupMessengerActivity( 3693): ClientTask socket IOException : 0
E/GroupMessengerActivity( 3693): ServerTask serversocket TimeoutException : here 0
E/GroupMessengerActivity( 3693): ClientTask socket IOException : 0
E/GroupMessengerActivity( 3693): ServerTask serversocket TimeoutException : here 0
E/GroupMessengerActivity( 3693): ClientTask socket IOException : 0
E/GroupMessengerActivity( 3693): ServerTask serversocket TimeoutException : here 0
E/GroupMessengerActivity( 3693): ClientTask socket IOException : 0
E/GroupMessengerActivity( 3693): ServerTask serversocket TimeoutException : here 0
E/GroupMessengerActivity( 3693): ClientTask socket IOException : 0
E/GroupMessengerActivity( 3693): ServerTask serversocket TimeoutException : here 0
E/GroupMessengerActivity( 3693): ClientTask socket IOException : 0
E/GroupMessengerActivity( 3693): ServerTask serversocket TimeoutException : here 0
E/GroupMessengerActivity( 3693): ClientTask socket IOException : 0
E/GroupMessengerActivity( 3693): ServerTask serversocket TimeoutException : here 0
E/GroupMessengerActivity( 3693): ClientTask socket IOException : 0
E/GroupMessengerActivity( 3693): ServerTask serversocket TimeoutException : here 0
E/GroupMessengerActivity( 3693): ClientTask socket IOException : 0
E/GroupMessengerActivity( 3693): ServerTask serversocket TimeoutException : here 0
E/GroupMessengerActivity( 3693): ClientTask socket IOException : 0
E/GroupMessengerActivity( 3693): ServerTask serversocket TimeoutException : here 0
E/GroupMessengerActivity( 3693): ClientTask socket IOException : 0
E/GroupMessengerActivity( 3693): ServerTask serversocket TimeoutException : here 0
I/Server task( 3693): 51028
I/initial message:( 3693): hiimy port:3
I/Substring is ( 3693): my port:
I/Substring check( 3693): true
I/Server Task( 3693): server socket creation with port 3
I/Server Task( 3693): server socket creation 0
I/Server task( 3693): 51029
I/initial message:( 3693): hiimy port:1
I/Substring is ( 3693): my port:
I/Substring check( 3693): true
I/Server Task( 3693): server socket creation with port 1
I/Server Task( 3693): server socket creation 1
I/Server task( 3693): 51030
I/initial message:( 3693): hiimy port:2
I/Substring is ( 3693): my port:
I/Substring check( 3693): true
I/Server Task( 3693): server socket creation with port 2
I/Server Task( 3693): server socket creation 2
I/Server task( 3693): 51031
I/initial message:( 3693): hiimy port:4
I/Substring is ( 3693): my port:
I/Substring check( 3693): true
I/Server Task( 3693): server socket creation with port 4
I/Server Task( 3693): server socket creation 3
I/Server task( 3693): 51032
I/initial message:( 3693): hiimy port:0
I/Substring is ( 3693): my port:
I/Substring check( 3693): true
I/Server Task( 3693): server socket creation with port 0
I/Server Task( 3693): server socket creation 4
I/server task( 3693): connection complete
D/dalvikvm( 3693): GC_FOR_ALLOC freed 295K, 11% free 3070K/3440K, paused 2ms, total 3ms
D/dalvikvm( 3693): GC_FOR_ALLOC freed 454K, 15% free 3131K/3660K, paused 7ms, total 13ms
I/port 11108( 3693): sent msg to s1
I/receiving frm ( 3693): 0
I/server received data( 3693): T10000
I/Server Token rec frm ( 3693): 0
I/Server sent token( 3693): S0000
I/sending msg in client( 3693): S0000
I/seq num:( 3693): 0
I/T2 msg sent to i2( 3693): 2
I/T1 msg sent to i1( 3693): 1
I/receiving frm ( 3693): 3
I/server received data( 3693): T20000
D/dalvikvm( 3693): GC_FOR_ALLOC freed 480K, 15% free 3164K/3720K, paused 4ms, total 4ms
I/receiving frm ( 3693): 4
I/server received data( 3693): T10000
I/Server Token rec frm ( 3693): 4
I/Server sent token( 3693): S0000
I/sending msg in client( 3693): S0000
I/seq num:( 3693): 0
I/T2 msg sent to i2( 3693): 2
I/T1 msg sent to i1( 3693): 1
I/receiving frm ( 3693): 3
I/server received data( 3693): T20000
I/receiving frm ( 3693): 4
I/server received data( 3693): T10000
I/Server Token rec frm ( 3693): 4
I/Server sent token( 3693): S0000
I/sending msg in client( 3693): S0000
I/seq num:( 3693): 0
I/T2 msg sent to i2( 3693): 2
I/T1 msg sent to i1( 3693): 1
D/dalvikvm( 3693): GC_FOR_ALLOC freed 512K, 16% free 3164K/3752K, paused 9ms, total 9ms
I/receiving frm ( 3693): 3
I/server received data( 3693): T20000
I/receiving frm ( 3693): 4
I/server received data( 3693): T10000
I/Server Token rec frm ( 3693): 4
I/Server sent token( 3693): S0000
I/sending msg in client( 3693): S0000
I/seq num:( 3693): 0
I/T2 msg sent to i2( 3693): 2
I/T1 msg sent to i1( 3693): 1
I/receiving frm ( 3693): 3
I/server received data( 3693): T20000
I/receiving frm ( 3693): 4
I/server received data( 3693): T10000
I/Server Token rec frm ( 3693): 4
I/Server sent token( 3693): S0000
I/sending msg in client( 3693): S0000
I/seq num:( 3693): 0
I/T2 msg sent to i2( 3693): 2
I/T1 msg sent to i1( 3693): 1
D/dalvikvm( 3693): GC_FOR_ALLOC freed 511K, 16% free 3164K/3752K, paused 4ms, total 4ms
I/receiving frm ( 3693): 3
I/server received data( 3693): T20000
I/receiving frm ( 3693): 4
I/server received data( 3693): T10000
I/Server Token rec frm ( 3693): 4
I/Server sent token( 3693): S0000
I/sending msg in client( 3693): S0000
I/seq num:( 3693): 0
I/T2 msg sent to i2( 3693): 2
I/T1 msg sent to i1( 3693): 1
D/dalvikvm( 3693): GC_FOR_ALLOC freed 511K, 16% free 3164K/3752K, paused 3ms, total 3ms
I/receiving frm ( 3693): 3
I/server received data( 3693): T20000
I/receiving frm ( 3693): 4
I/server received data( 3693): T10000
I/Server Token rec frm ( 3693): 4
I/Server sent token( 3693): S0000
I/sending msg in client( 3693): S0000
I/seq num:( 3693): 0
I/T2 msg sent to i2( 3693): 2
I/T1 msg sent to i1( 3693): 1
D/dalvikvm( 3693): GC_FOR_ALLOC freed 511K, 16% free 3164K/3752K, paused 10ms, total 10ms
I/receiving frm ( 3693): 3
I/server received data( 3693): T20000
I/receiving frm ( 3693): 4
I/server received data( 3693): T10000
I/Server Token rec frm ( 3693): 4
I/Server sent token( 3693): S0000
I/sending msg in client( 3693): S0000
I/seq num:( 3693): 0
I/T2 msg sent to i2( 3693): 2
I/T1 msg sent to i1( 3693): 1
D/dalvikvm( 3693): GC_FOR_ALLOC freed 512K, 16% free 3164K/3752K, paused 12ms, total 12ms
I/receiving frm ( 3693): 3
I/server received data( 3693): T20000
I/receiving frm ( 3693): 4
I/server received data( 3693): T10000
I/Server Token rec frm ( 3693): 4
I/Server sent token( 3693): S0000
I/sending msg in client( 3693): S0000
I/seq num:( 3693): 0
I/T2 msg sent to i2( 3693): 2
I/T1 msg sent to i1( 3693): 1
I/receiving frm ( 3693): 3
I/server received data( 3693): T20000
D/dalvikvm( 3693): GC_FOR_ALLOC freed 512K, 16% free 3164K/3752K, paused 18ms, total 18ms
I/receiving frm ( 3693): 4
I/server received data( 3693): T10000
I/Server Token rec frm ( 3693): 4
I/Server sent token( 3693): S0000
I/sending msg in client( 3693): S0000
I/seq num:( 3693): 0
I/T2 msg sent to i2( 3693): 2
I/T1 msg sent to i1( 3693): 1
I/receiving frm ( 3693): 3
I/server received data( 3693): T20000
I/receiving frm ( 3693): 4
I/server received data( 3693): T10000
I/Server Token rec frm ( 3693): 4
I/Server sent token( 3693): S0000
I/sending msg in client( 3693): S0000
I/seq num:( 3693): 0
I/T2 msg sent to i2( 3693): 2
D/dalvikvm( 3693): GC_FOR_ALLOC freed 512K, 16% free 3164K/3752K, paused 53ms, total 53ms
I/T1 msg sent to i1( 3693): 1
I/receiving frm ( 3693): 3
I/server received data( 3693): T20000
I/receiving frm ( 3693): 4
I/server received data( 3693): T10000
I/Server Token rec frm ( 3693): 4
I/Server sent token( 3693): S0000
I/sending msg in client( 3693): S0000
I/seq num:( 3693): 0
I/T2 msg sent to i2( 3693): 2
I/T1 msg sent to i1( 3693): 1
D/dalvikvm( 3693): GC_FOR_ALLOC freed 511K, 16% free 3164K/3752K, paused 19ms, total 19ms
I/receiving frm ( 3693): 3
I/server received data( 3693): T20000
I/receiving frm ( 3693): 4
I/server received data( 3693): T10000
I/Server Token rec frm ( 3693): 4
I/Server sent token( 3693): S0000
I/sending msg in client( 3693): S0000
I/seq num:( 3693): 0
I/T2 msg sent to i2( 3693): 2
I/T1 msg sent to i1( 3693): 1
D/dalvikvm( 3693): GC_FOR_ALLOC freed 512K, 16% free 3164K/3752K, paused 9ms, total 9ms
I/receiving frm ( 3693): 3
I/server received data( 3693): T20000
I/GroupMessengerActivity( 3693): Client outer loop socket Timeout while reading from server
I/receiving frm ( 3693): 4
I/server received data( 3693): T10000
I/Server Token rec frm ( 3693): 4
I/Server sent token( 3693): S0000
I/sending msg in client( 3693): S0000
I/seq num:( 3693): 0
I/T2 msg sent to i2( 3693): 2
I/T1 msg sent to i1( 3693): 1
D/dalvikvm( 3693): GC_FOR_ALLOC freed 512K, 16% free 3164K/3752K, paused 5ms, total 5ms
I/receiving frm ( 3693): 3
I/server received data( 3693): T20000
I/receiving frm ( 3693): 4
I/server received data( 3693): T10000
I/Server Token rec frm ( 3693): 4
I/Server sent token( 3693): S0000
I/sending msg in client( 3693): S0000
I/seq num:( 3693): 0
I/T2 msg sent to i2( 3693): 2
I/T1 msg sent to i1( 3693): 1
I/receiving frm ( 3693): 3
I/server received data( 3693): T20000
I/receiving frm ( 3693): 4
I/server received data( 3693): T10000
I/Server Token rec frm ( 3693): 4
I/Server sent token( 3693): S0000
I/sending msg in client( 3693): S0000
I/seq num:( 3693): 0
I/T2 msg sent to i2( 3693): 2
D/dalvikvm( 3693): GC_FOR_ALLOC freed 511K, 16% free 3164K/3752K, paused 16ms, total 16ms
I/T1 msg sent to i1( 3693): 1
D/dalvikvm( 3693): GC_FOR_ALLOC freed 512K, 16% free 3164K/3752K, paused 3ms, total 3ms
I/receiving frm ( 3693): 3
I/server received data( 3693): T20000
I/receiving frm ( 3693): 4
I/server received data( 3693): T10000
I/Server Token rec frm ( 3693): 4
I/Server sent token( 3693): S0000
I/sending msg in client( 3693): S0000
I/seq num:( 3693): 0
I/T2 msg sent to i2( 3693): 2
I/T1 msg sent to i1( 3693): 1
I/receiving frm ( 3693): 3
I/server received data( 3693): T20000
D/dalvikvm( 3693): GC_FOR_ALLOC freed 512K, 16% free 3164K/3752K, paused 3ms, total 3ms
I/receiving frm ( 3693): 4
I/server received data( 3693): T10000
I/Server Token rec frm ( 3693): 4
I/Server sent token( 3693): S0000
I/sending msg in client( 3693): S0000
I/seq num:( 3693): 0
I/T2 msg sent to i2( 3693): 2
I/T1 msg sent to i1( 3693): 1
D/dalvikvm( 3693): GC_FOR_ALLOC freed 511K, 16% free 3164K/3752K, paused 8ms, total 8ms
I/receiving frm ( 3693): 3
I/server received data( 3693): T20000
I/receiving frm ( 3693): 4
I/server received data( 3693): T10000
I/Server Token rec frm ( 3693): 4
I/Server sent token( 3693): S0000
I/sending msg in client( 3693): S0000
I/seq num:( 3693): 0
I/T2 msg sent to i2( 3693): 2
I/T1 msg sent to i1( 3693): 1
I/receiving frm ( 3693): 3
I/server received data( 3693): T20000
D/dalvikvm( 3693): GC_FOR_ALLOC freed 511K, 16% free 3164K/3752K, paused 4ms, total 4ms
D/dalvikvm( 3693): GC_FOR_ALLOC freed 511K, 16% free 3164K/3752K, paused 5ms, total 5ms
I/receiving frm ( 3693): 4
I/server received data( 3693): T10000
I/Server Token rec frm ( 3693): 4
I/Server sent token( 3693): S0000
I/sending msg in client( 3693): S0000
I/seq num:( 3693): 0
I/T2 msg sent to i2( 3693): 2
I/T1 msg sent to i1( 3693): 1
I/receiving frm ( 3693): 3
I/server received data( 3693): T20000
D/dalvikvm( 3693): GC_FOR_ALLOC freed 511K, 16% free 3164K/3752K, paused 4ms, total 4ms
I/receiving frm ( 3693): 4
I/server received data( 3693): T10000
I/Server Token rec frm ( 3693): 4
I/Server sent token( 3693): S0000
I/sending msg in client( 3693): S0000
I/seq num:( 3693): 0
I/T2 msg sent to i2( 3693): 2
I/T1 msg sent to i1( 3693): 1
I/receiving frm ( 3693): 3
I/server received data( 3693): T20000
I/receiving frm ( 3693): 4
I/server received data( 3693): T10000
I/Server Token rec frm ( 3693): 4
I/Server sent token( 3693): S0000
I/sending msg in client( 3693): S0000
I/seq num:( 3693): 0
I/T2 msg sent to i2( 3693): 2
I/T1 msg sent to i1( 3693): 1
D/dalvikvm( 3693): GC_FOR_ALLOC freed 511K, 16% free 3164K/3752K, paused 10ms, total 10ms
I/receiving frm ( 3693): 3
I/server received data( 3693): T20000
I/receiving frm ( 3693): 4
I/server received data( 3693): T10000
I/Server Token rec frm ( 3693): 4
I/Server sent token( 3693): S0000
I/sending msg in client( 3693): S0000
I/seq num:( 3693): 0
I/T2 msg sent to i2( 3693): 2
I/T1 msg sent to i1( 3693): 1
I/receiving frm ( 3693): 3
I/server received data( 3693): T20000
D/dalvikvm( 3693): GC_FOR_ALLOC freed 512K, 16% free 3164K/3752K, paused 3ms, total 3ms
I/receiving frm ( 3693): 4
I/server received data( 3693): T10000
I/Server Token rec frm ( 3693): 4
I/Server sent token( 3693): S0000
I/sending msg in client( 3693): S0000
I/seq num:( 3693): 0
I/T2 msg sent to i2( 3693): 2
I/T1 msg sent to i1( 3693): 1
I/receiving frm ( 3693): 3
I/server received data( 3693): T20000
I/receiving frm ( 3693): 4
I/server received data( 3693): T10000
I/Server Token rec frm ( 3693): 4
I/Server sent token( 3693): S0000
I/sending msg in client( 3693): S0000
I/seq num:( 3693): 0
I/T2 msg sent to i2( 3693): 2
I/T1 msg sent to i1( 3693): 1
D/dalvikvm( 3693): GC_FOR_ALLOC freed 511K, 16% free 3164K/3752K, paused 6ms, total 6ms
I/receiving frm ( 3693): 3
I/server received data( 3693): T20000
D/dalvikvm( 3693): GC_FOR_ALLOC freed 512K, 16% free 3164K/3752K, paused 4ms, total 4ms
I/receiving frm ( 3693): 4
I/server received data( 3693): T10000
I/Server Token rec frm ( 3693): 4
I/Server sent token( 3693): S0000
I/sending msg in client( 3693): S0000
I/seq num:( 3693): 0
I/T2 msg sent to i2( 3693): 2
I/T1 msg sent to i1( 3693): 1
I/receiving frm ( 3693): 3
I/server received data( 3693): T20000
I/receiving frm ( 3693): 4
I/server received data( 3693): T10000
I/Server Token rec frm ( 3693): 4
I/Server sent token( 3693): S0000
I/sending msg in client( 3693): S0000
I/seq num:( 3693): 0
I/T2 msg sent to i2( 3693): 2
I/T1 msg sent to i1( 3693): 1
D/dalvikvm( 3693): GC_FOR_ALLOC freed 511K, 16% free 3164K/3752K, paused 3ms, total 3ms
I/receiving frm ( 3693): 3
I/server received data( 3693): T20000
I/receiving frm ( 3693): 4
I/server received data( 3693): T10000
I/Server Token rec frm ( 3693): 4
I/Server sent token( 3693): S0000
I/sending msg in client( 3693): S0000
I/seq num:( 3693): 0
D/dalvikvm( 3693): GC_FOR_ALLOC freed 511K, 16% free 3164K/3752K, paused 3ms, total 3ms
I/T2 msg sent to i2( 3693): 2
I/T1 msg sent to i1( 3693): 1
I/receiving frm ( 3693): 3
I/server received data( 3693): T20000
I/receiving frm ( 3693): 4
I/server received data( 3693): T10000
I/Server Token rec frm ( 3693): 4
I/Server sent token( 3693): S0000
D/dalvikvm( 3693): GC_FOR_ALLOC freed 511K, 16% free 3164K/3752K, paused 29ms, total 29ms
I/sending msg in client( 3693): S0000
I/seq num:( 3693): 0
I/T2 msg sent to i2( 3693): 2
I/T1 msg sent to i1( 3693): 1
I/receiving frm ( 3693): 3
I/server received data( 3693): T20000
D/dalvikvm( 3693): GC_FOR_ALLOC freed 512K, 16% free 3164K/3752K, paused 7ms, total 7ms
I/receiving frm ( 3693): 4
I/server received data( 3693): T10000
I/Server Token rec frm ( 3693): 4
I/Server sent token( 3693): S0000
I/sending msg in client( 3693): S0000
I/seq num:( 3693): 0
I/T2 msg sent to i2( 3693): 2
I/T1 msg sent to i1( 3693): 1
I/receiving frm ( 3693): 3
I/server received data( 3693): T20000
I/receiving frm ( 3693): 4
I/server received data( 3693): T10000
I/Server Token rec frm ( 3693): 4
I/Server sent token( 3693): S0000
I/sending msg in client( 3693): S0000
I/seq num:( 3693): 0
I/T2 msg sent to i2( 3693): 2
I/T1 msg sent to i1( 3693): 1
I/receiving frm ( 3693): 3
I/server received data( 3693): T20000
D/dalvikvm( 3693): GC_FOR_ALLOC freed 511K, 16% free 3164K/3752K, paused 17ms, total 17ms
I/receiving frm ( 3693): 4
I/server received data( 3693): T10000
I/Server Token rec frm ( 3693): 4
I/Server sent token( 3693): S0000
I/sending msg in client( 3693): S0000
I/seq num:( 3693): 0
I/T2 msg sent to i2( 3693): 2
I/T1 msg sent to i1( 3693): 1
I/receiving frm ( 3693): 3
I/server received data( 3693): T20000
D/dalvikvm( 3693): GC_FOR_ALLOC freed 511K, 16% free 3164K/3752K, paused 3ms, total 3ms
I/receiving frm ( 3693): 4
I/server received data( 3693): T10000
I/Server Token rec frm ( 3693): 4
I/Server sent token( 3693): S0000
I/sending msg in client( 3693): S0000
I/seq num:( 3693): 0
I/T2 msg sent to i2( 3693): 2
I/T1 msg sent to i1( 3693): 1
D/dalvikvm( 3693): GC_FOR_ALLOC freed 511K, 16% free 3164K/3752K, paused 3ms, total 3ms
I/receiving frm ( 3693): 3
I/server received data( 3693): T20000
I/receiving frm ( 3693): 4
I/server received data( 3693): T10000
I/Server Token rec frm ( 3693): 4
I/Server sent token( 3693): S0000
I/sending msg in client( 3693): S0000
I/seq num:( 3693): 0
I/T2 msg sent to i2( 3693): 2
I/T1 msg sent to i1( 3693): 1
D/dalvikvm( 3693): GC_FOR_ALLOC freed 512K, 16% free 3164K/3752K, paused 25ms, total 25ms
I/receiving frm ( 3693): 3
I/server received data( 3693): T20000
I/receiving frm ( 3693): 4
I/server received data( 3693): T10000
I/Server Token rec frm ( 3693): 4
I/Server sent token( 3693): S0000
I/sending msg in client( 3693): S0000
I/seq num:( 3693): 0
I/T2 msg sent to i2( 3693): 2
I/T1 msg sent to i1( 3693): 1
I/receiving frm ( 3693): 3
I/server received data( 3693): T20000
D/dalvikvm( 3693): GC_FOR_ALLOC freed 511K, 16% free 3164K/3752K, paused 8ms, total 8ms
D/OpenGLRenderer( 1660): GL error from OpenGLRenderer: 0x502
E/OpenGLRenderer( 1660):   GL_INVALID_OPERATION
I/receiving frm ( 3693): 4
I/server received data( 3693): T10000
I/Server Token rec frm ( 3693): 4
I/Server sent token( 3693): S0000
I/sending msg in client( 3693): S0000
I/seq num:( 3693): 0
I/T2 msg sent to i2( 3693): 2
I/T1 msg sent to i1( 3693): 1
D/dalvikvm( 3693): GC_FOR_ALLOC freed 511K, 16% free 3164K/3752K, paused 16ms, total 16ms
I/receiving frm ( 3693): 3
I/server received data( 3693): T20000
I/receiving frm ( 3693): 4
I/server received data( 3693): T10000
I/Server Token rec frm ( 3693): 4
I/Server sent token( 3693): S0000
I/sending msg in client( 3693): S0000
I/seq num:( 3693): 0
I/T2 msg sent to i2( 3693): 2
I/T1 msg sent to i1( 3693): 1
I/receiving frm ( 3693): 3
I/server received data( 3693): T20000
I/receiving frm ( 3693): 4
I/server received data( 3693): T10000
I/Server Token rec frm ( 3693): 4
I/Server sent token( 3693): S0000
I/sending msg in client( 3693): S0000
I/seq num:( 3693): 0
I/T2 msg sent to i2( 3693): 2
I/T1 msg sent to i1( 3693): 1
I/receiving frm ( 3693): 3
I/server received data( 3693): T20000
D/dalvikvm( 3693): GC_FOR_ALLOC freed 511K, 16% free 3164K/3752K, paused 27ms, total 27ms
I/receiving frm ( 3693): 4
I/server received data( 3693): T10000
I/Server Token rec frm ( 3693): 4
I/Server sent token( 3693): S0000
I/sending msg in client( 3693): S0000
I/seq num:( 3693): 0
I/T2 msg sent to i2( 3693): 2
I/T1 msg sent to i1( 3693): 1
I/receiving frm ( 3693): 3
I/server received data( 3693): T20000
D/dalvikvm( 3693): GC_FOR_ALLOC freed 511K, 16% free 3164K/3752K, paused 9ms, total 9ms
I/receiving frm ( 3693): 4
I/server received data( 3693): T10000
I/Server Token rec frm ( 3693): 4
I/Server sent token( 3693): S0000
I/sending msg in client( 3693): S0000
I/seq num:( 3693): 0
I/T2 msg sent to i2( 3693): 2
I/T1 msg sent to i1( 3693): 1
I/receiving frm ( 3693): 3
I/server received data( 3693): T20000
I/receiving frm ( 3693): 4
I/server received data( 3693): T10000
I/Server Token rec frm ( 3693): 4
I/Server sent token( 3693): S0000
I/sending msg in client( 3693): S0000
I/seq num:( 3693): 0
D/dalvikvm( 3693): GC_FOR_ALLOC freed 511K, 16% free 3164K/3752K, paused 4ms, total 4ms
I/T2 msg sent to i2( 3693): 2
I/T1 msg sent to i1( 3693): 1
I/receiving frm ( 3693): 3
I/server received data( 3693): T20000
D/dalvikvm( 3693): GC_FOR_ALLOC freed 512K, 16% free 3164K/3752K, paused 11ms, total 11ms
I/receiving frm ( 3693): 4
I/server received data( 3693): T10000
I/Server Token rec frm ( 3693): 4
I/Server sent token( 3693): S0000
I/sending msg in client( 3693): S0000
I/seq num:( 3693): 0
I/T2 msg sent to i2( 3693): 2
I/T1 msg sent to i1( 3693): 1
I/receiving frm ( 3693): 3
I/server received data( 3693): T20000
I/receiving frm ( 3693): 4
I/server received data( 3693): T10000
I/Server Token rec frm ( 3693): 4
I/Server sent token( 3693): S0000
I/sending msg in client( 3693): S0000
I/seq num:( 3693): 0
I/T2 msg sent to i2( 3693): 2
I/T1 msg sent to i1( 3693): 1
D/dalvikvm( 3693): GC_FOR_ALLOC freed 512K, 16% free 3164K/3752K, paused 3ms, total 3ms
I/receiving frm ( 3693): 3
I/server received data( 3693): T20000
I/receiving frm ( 3693): 4
I/server received data( 3693): T10000
I/Server Token rec frm ( 3693): 4
I/Server sent token( 3693): S0000
I/sending msg in client( 3693): S0000
I/seq num:( 3693): 0
I/T2 msg sent to i2( 3693): 2
I/T1 msg sent to i1( 3693): 1
D/dalvikvm( 3693): GC_FOR_ALLOC freed 511K, 16% free 3164K/3752K, paused 22ms, total 22ms
I/receiving frm ( 3693): 3
I/server received data( 3693): T20000
I/receiving frm ( 3693): 4
I/server received data( 3693): T10000
I/Server Token rec frm ( 3693): 4
I/Server sent token( 3693): S0000
I/GroupMessengerActivity( 3693): Client outer loop socket Timeout while reading from server
I/sending msg in client( 3693): S0000
I/seq num:( 3693): 0
I/T2 msg sent to i2( 3693): 2
I/T1 msg sent to i1( 3693): 1
D/dalvikvm( 3693): GC_FOR_ALLOC freed 512K, 16% free 3164K/3752K, paused 45ms, total 45ms
I/receiving frm ( 3693): 3
I/server received data( 3693): T20000
I/receiving frm ( 3693): 4
I/server received data( 3693): T10000
I/Server Token rec frm ( 3693): 4
I/Server sent token( 3693): S0000
I/sending msg in client( 3693): S0000
I/seq num:( 3693): 0
I/T2 msg sent to i2( 3693): 2
I/T1 msg sent to i1( 3693): 1
D/dalvikvm( 3693): GC_FOR_ALLOC freed 511K, 16% free 3164K/3752K, paused 5ms, total 5ms
I/receiving frm ( 3693): 3
I/server received data( 3693): T20000
I/receiving frm ( 3693): 4
I/server received data( 3693): T10000
I/Server Token rec frm ( 3693): 4
I/Server sent token( 3693): S0000
I/sending msg in client( 3693): S0000
I/seq num:( 3693): 0
I/T2 msg sent to i2( 3693): 2
I/T1 msg sent to i1( 3693): 1
D/dalvikvm( 3693): GC_FOR_ALLOC freed 512K, 16% free 3164K/3752K, paused 4ms, total 4ms
I/receiving frm ( 3693): 3
I/server received data( 3693): T20000
I/receiving frm ( 3693): 4
I/server received data( 3693): T10000
I/Server Token rec frm ( 3693): 4
I/Server sent token( 3693): S0000
I/sending msg in client( 3693): S0000
I/seq num:( 3693): 0
I/T2 msg sent to i2( 3693): 2
D/dalvikvm( 3693): GC_FOR_ALLOC freed 511K, 16% free 3164K/3752K, paused 3ms, total 3ms
I/T1 msg sent to i1( 3693): 1
I/receiving frm ( 3693): 3
I/server received data( 3693): T20000
D/dalvikvm( 3693): GC_FOR_ALLOC freed 512K, 16% free 3164K/3752K, paused 4ms, total 4ms
D/dalvikvm( 3693): GC_FOR_ALLOC freed 512K, 16% free 3164K/3752K, paused 3ms, total 3ms
I/receiving frm ( 3693): 4
I/server received data( 3693): T10000
I/Server Token rec frm ( 3693): 4
I/Server sent token( 3693): S0000
I/sending msg in client( 3693): S0000
I/seq num:( 3693): 0
I/T2 msg sent to i2( 3693): 2
I/T1 msg sent to i1( 3693): 1
D/dalvikvm( 3693): GC_FOR_ALLOC freed 512K, 16% free 3164K/3752K, paused 3ms, total 3ms
I/receiving frm ( 3693): 3
I/server received data( 3693): T20000
I/receiving frm ( 3693): 4
I/server received data( 3693): T10000
I/Server Token rec frm ( 3693): 4
I/Server sent token( 3693): S0000
I/sending msg in client( 3693): S0000
I/seq num:( 3693): 0
I/T2 msg sent to i2( 3693): 2
I/T1 msg sent to i1( 3693): 1
D/dalvikvm( 3693): GC_FOR_ALLOC freed 512K, 16% free 3164K/3752K, paused 4ms, total 4ms
I/receiving frm ( 3693): 3
I/server received data( 3693): T20000
I/receiving frm ( 3693): 4
I/server received data( 3693): T10000
I/Server Token rec frm ( 3693): 4
I/Server sent token( 3693): S0000
I/sending msg in client( 3693): S0000
I/seq num:( 3693): 0
I/T2 msg sent to i2( 3693): 2
I/T1 msg sent to i1( 3693): 1
I/receiving frm ( 3693): 3
I/server received data( 3693): T20000
I/receiving frm ( 3693): 4
I/server received data( 3693): T10000
I/Server Token rec frm ( 3693): 4
I/Server sent token( 3693): S0000
I/sending msg in client( 3693): S0000
I/seq num:( 3693): 0
I/T2 msg sent to i2( 3693): 2
I/T1 msg sent to i1( 3693): 1
D/dalvikvm( 3693): GC_FOR_ALLOC freed 511K, 16% free 3164K/3752K, paused 8ms, total 8ms
I/receiving frm ( 3693): 3
I/server received data( 3693): T20000
I/receiving frm ( 3693): 4
I/server received data( 3693): T10000
I/Server Token rec frm ( 3693): 4
I/Server sent token( 3693): S0000
I/sending msg in client( 3693): S0000
I/seq num:( 3693): 0
I/T2 msg sent to i2( 3693): 2
I/T1 msg sent to i1( 3693): 1
D/dalvikvm( 3693): GC_FOR_ALLOC freed 511K, 16% free 3164K/3752K, paused 10ms, total 10ms
I/receiving frm ( 3693): 3
I/server received data( 3693): T20000
I/receiving frm ( 3693): 4
I/server received data( 3693): T10000
I/Server Token rec frm ( 3693): 4
I/Server sent token( 3693): S0000
I/sending msg in client( 3693): S0000
I/seq num:( 3693): 0
I/T2 msg sent to i2( 3693): 2
I/T1 msg sent to i1( 3693): 1
D/dalvikvm( 3693): GC_FOR_ALLOC freed 512K, 16% free 3164K/3752K, paused 3ms, total 3ms
I/receiving frm ( 3693): 3
I/server received data( 3693): T20000
I/receiving frm ( 3693): 4
I/server received data( 3693): T10000
I/Server Token rec frm ( 3693): 4
I/Server sent token( 3693): S0000
I/sending msg in client( 3693): S0000
I/seq num:( 3693): 0
I/T2 msg sent to i2( 3693): 2
I/T1 msg sent to i1( 3693): 1
D/dalvikvm( 3693): GC_FOR_ALLOC freed 511K, 16% free 3164K/3752K, paused 3ms, total 3ms
I/receiving frm ( 3693): 3
I/server received data( 3693): T20000
I/receiving frm ( 3693): 4
I/server received data( 3693): T10000
I/Server Token rec frm ( 3693): 4
I/Server sent token( 3693): S0000
I/sending msg in client( 3693): S0000
I/seq num:( 3693): 0
I/T2 msg sent to i2( 3693): 2
I/T1 msg sent to i1( 3693): 1
D/dalvikvm( 3693): GC_FOR_ALLOC freed 512K, 16% free 3164K/3752K, paused 7ms, total 7ms
I/receiving frm ( 3693): 3
I/server received data( 3693): T20000
I/receiving frm ( 3693): 4
I/server received data( 3693): T10000
I/Server Token rec frm ( 3693): 4
I/Server sent token( 3693): S0000
I/sending msg in client( 3693): S0000
I/seq num:( 3693): 0
I/T2 msg sent to i2( 3693): 2
I/T1 msg sent to i1( 3693): 1
D/dalvikvm( 3693): GC_FOR_ALLOC freed 512K, 16% free 3164K/3752K, paused 3ms, total 3ms
I/receiving frm ( 3693): 3
I/server received data( 3693): T20000
I/receiving frm ( 3693): 4
I/server received data( 3693): T10000
I/Server Token rec frm ( 3693): 4
I/Server sent token( 3693): S0000
I/sending msg in client( 3693): S0000
I/seq num:( 3693): 0
I/T2 msg sent to i2( 3693): 2
I/T1 msg sent to i1( 3693): 1
D/dalvikvm( 3693): GC_FOR_ALLOC freed 512K, 16% free 3164K/3752K, paused 9ms, total 9ms
I/receiving frm ( 3693): 3
I/server received data( 3693): T20000
I/receiving frm ( 3693): 4
I/server received data( 3693): T10000
I/Server Token rec frm ( 3693): 4
I/Server sent token( 3693): S0000
I/sending msg in client( 3693): S0000
I/seq num:( 3693): 0
I/T2 msg sent to i2( 3693): 2
I/T1 msg sent to i1( 3693): 1
D/dalvikvm( 3693): GC_FOR_ALLOC freed 511K, 16% free 3164K/3752K, paused 16ms, total 16ms
I/receiving frm ( 3693): 3
I/server received data( 3693): T20000
I/receiving frm ( 3693): 4
I/server received data( 3693): T10000
I/Server Token rec frm ( 3693): 4
I/Server sent token( 3693): S0000
I/sending msg in client( 3693): S0000
I/seq num:( 3693): 0
I/T2 msg sent to i2( 3693): 2
I/T1 msg sent to i1( 3693): 1
D/dalvikvm( 3693): GC_FOR_ALLOC freed 511K, 16% free 3164K/3752K, paused 10ms, total 10ms
I/receiving frm ( 3693): 3
I/server received data( 3693): T20000
I/receiving frm ( 3693): 4
I/server received data( 3693): T10000
I/Server Token rec frm ( 3693): 4
I/Server sent token( 3693): S0000
I/sending msg in client( 3693): S0000
I/seq num:( 3693): 0
I/T2 msg sent to i2( 3693): 2
I/T1 msg sent to i1( 3693): 1
I/receiving frm ( 3693): 3
I/server received data( 3693): T20000
I/receiving frm ( 3693): 4
I/server received data( 3693): T10000
I/Server Token rec frm ( 3693): 4
I/Server sent token( 3693): S0000
I/sending msg in client( 3693): S0000
I/seq num:( 3693): 0
I/T2 msg sent to i2( 3693): 2
I/T1 msg sent to i1( 3693): 1
D/dalvikvm( 3693): GC_FOR_ALLOC freed 512K, 16% free 3164K/3752K, paused 17ms, total 17ms
I/receiving frm ( 3693): 3
I/server received data( 3693): T20000
I/receiving frm ( 3693): 4
I/server received data( 3693): T10000
I/Server Token rec frm ( 3693): 4
I/Server sent token( 3693): S0000
I/sending msg in client( 3693): S0000
I/seq num:( 3693): 0
I/T2 msg sent to i2( 3693): 2
I/T1 msg sent to i1( 3693): 1
D/dalvikvm( 3693): GC_FOR_ALLOC freed 512K, 16% free 3164K/3752K, paused 3ms, total 3ms
I/receiving frm ( 3693): 3
I/server received data( 3693): T20000
I/receiving frm ( 3693): 4
I/server received data( 3693): T10000
I/Server Token rec frm ( 3693): 4
I/Server sent token( 3693): S0000
I/sending msg in client( 3693): S0000
I/seq num:( 3693): 0
I/T2 msg sent to i2( 3693): 2
I/T1 msg sent to i1( 3693): 1
D/dalvikvm( 3693): GC_FOR_ALLOC freed 512K, 16% free 3164K/3752K, paused 14ms, total 14ms
I/receiving frm ( 3693): 3
I/server received data( 3693): T20000
I/receiving frm ( 3693): 4
I/server received data( 3693): T10000
I/Server Token rec frm ( 3693): 4
I/Server sent token( 3693): S0000
I/sending msg in client( 3693): S0000
I/seq num:( 3693): 0
I/T2 msg sent to i2( 3693): 2
I/T1 msg sent to i1( 3693): 1
D/dalvikvm( 3693): GC_FOR_ALLOC freed 511K, 16% free 3164K/3752K, paused 7ms, total 7ms
I/receiving frm ( 3693): 3
I/server received data( 3693): T20000
I/receiving frm ( 3693): 4
I/server received data( 3693): T10000
I/Server Token rec frm ( 3693): 4
I/Server sent token( 3693): S0000
I/sending msg in client( 3693): S0000
I/seq num:( 3693): 0
I/T2 msg sent to i2( 3693): 2
I/T1 msg sent to i1( 3693): 1
I/receiving frm ( 3693): 3
I/server received data( 3693): T20000
D/dalvikvm( 3693): GC_FOR_ALLOC freed 511K, 16% free 3164K/3752K, paused 3ms, total 3ms
I/receiving frm ( 3693): 4
I/server received data( 3693): T10000
I/Server Token rec frm ( 3693): 4
I/Server sent token( 3693): S0000
I/sending msg in client( 3693): S0000
I/seq num:( 3693): 0
I/T2 msg sent to i2( 3693): 2
I/T1 msg sent to i1( 3693): 1
D/dalvikvm( 3693): GC_FOR_ALLOC freed 512K, 16% free 3164K/3752K, paused 4ms, total 4ms
I/receiving frm ( 3693): 3
I/server received data( 3693): T20000
D/dalvikvm( 3693): GC_FOR_ALLOC freed 511K, 16% free 3164K/3752K, paused 6ms, total 6ms
I/receiving frm ( 3693): 4
I/server received data( 3693): T10000
I/Server Token rec frm ( 3693): 4
I/Server sent token( 3693): S0000
I/sending msg in client( 3693): S0000
I/seq num:( 3693): 0
I/T2 msg sent to i2( 3693): 2
I/T1 msg sent to i1( 3693): 1
I/receiving frm ( 3693): 3
I/server received data( 3693): T20000
D/dalvikvm( 3693): GC_FOR_ALLOC freed 512K, 16% free 3164K/3752K, paused 3ms, total 3ms
I/receiving frm ( 3693): 4
I/server received data( 3693): T10000
I/Server Token rec frm ( 3693): 4
I/Server sent token( 3693): S0000
I/sending msg in client( 3693): S0000
I/seq num:( 3693): 0
I/T2 msg sent to i2( 3693): 2
I/T1 msg sent to i1( 3693): 1
I/receiving frm ( 3693): 3
I/server received data( 3693): T20000
I/receiving frm ( 3693): 4
I/server received data( 3693): T10000
I/Server Token rec frm ( 3693): 4
I/Server sent token( 3693): S0000
I/sending msg in client( 3693): S0000
I/seq num:( 3693): 0
I/T2 msg sent to i2( 3693): 2
I/T1 msg sent to i1( 3693): 1
D/dalvikvm( 3693): GC_FOR_ALLOC freed 511K, 16% free 3164K/3752K, paused 18ms, total 18ms
D/dalvikvm( 3693): GC_FOR_ALLOC freed 512K, 16% free 3164K/3752K, paused 19ms, total 19ms
I/receiving frm ( 3693): 3
I/server received data( 3693): T20000
I/receiving frm ( 3693): 4
I/server received data( 3693): T10000
I/Server Token rec frm ( 3693): 4
I/Server sent token( 3693): S0000
I/sending msg in client( 3693): S0000
I/seq num:( 3693): 0
I/T2 msg sent to i2( 3693): 2
I/T1 msg sent to i1( 3693): 1
I/receiving frm ( 3693): 3
I/server received data( 3693): T20000
D/dalvikvm( 3693): GC_FOR_ALLOC freed 512K, 16% free 3164K/3752K, paused 3ms, total 3ms
I/receiving frm ( 3693): 4
I/server received data( 3693): T10000
I/Server Token rec frm ( 3693): 4
I/Server sent token( 3693): S0000
I/sending msg in client( 3693): S0000
I/seq num:( 3693): 0
I/T2 msg sent to i2( 3693): 2
I/T1 msg sent to i1( 3693): 1
D/dalvikvm( 3693): GC_FOR_ALLOC freed 512K, 16% free 3164K/3752K, paused 5ms, total 5ms
I/receiving frm ( 3693): 3
I/server received data( 3693): T20000
I/receiving frm ( 3693): 4
I/server received data( 3693): T10000
I/Server Token rec frm ( 3693): 4
I/Server sent token( 3693): S0000
I/sending msg in client( 3693): S0000
I/seq num:( 3693): 0
I/T2 msg sent to i2( 3693): 2
I/T1 msg sent to i1( 3693): 1
I/receiving frm ( 3693): 3
I/server received data( 3693): T20000
