D/jdwp    ( 3529): Got wake-up signal, bailing out of select
D/dalvikvm( 3529): Debugger has detached; object registry had 1 entries
D/AndroidRuntime( 3570): 
D/AndroidRuntime( 3570): >>>>>> AndroidRuntime START com.android.internal.os.RuntimeInit <<<<<<
W/linker  ( 3570): libdvm.so has text relocations. This is wasting memory and is a security risk. Please fix.
D/AndroidRuntime( 3570): CheckJNI is ON
D/dalvikvm( 3570): Trying to load lib libjavacore.so 0x0
D/AndroidRuntime( 3568): 
D/AndroidRuntime( 3568): >>>>>> AndroidRuntime START com.android.internal.os.RuntimeInit <<<<<<
W/linker  ( 3568): libdvm.so has text relocations. This is wasting memory and is a security risk. Please fix.
D/dalvikvm( 3570): Added shared lib libjavacore.so 0x0
D/dalvikvm( 3570): Trying to load lib libnativehelper.so 0x0
D/dalvikvm( 3570): Added shared lib libnativehelper.so 0x0
D/dalvikvm( 3570): No JNI_OnLoad found in libnativehelper.so 0x0, skipping init
D/AndroidRuntime( 3568): CheckJNI is ON
D/AndroidRuntime( 3572): 
D/AndroidRuntime( 3572): >>>>>> AndroidRuntime START com.android.internal.os.RuntimeInit <<<<<<
W/linker  ( 3572): libdvm.so has text relocations. This is wasting memory and is a security risk. Please fix.
D/dalvikvm( 3570): Note: class Landroid/app/ActivityManagerNative; has 179 unimplemented (abstract) methods
D/AndroidRuntime( 3572): CheckJNI is ON
D/dalvikvm( 3568): Trying to load lib libjavacore.so 0x0
D/dalvikvm( 3568): Added shared lib libjavacore.so 0x0
D/dalvikvm( 3568): Trying to load lib libnativehelper.so 0x0
D/dalvikvm( 3568): Added shared lib libnativehelper.so 0x0
D/dalvikvm( 3568): No JNI_OnLoad found in libnativehelper.so 0x0, skipping init
D/dalvikvm( 3572): Trying to load lib libjavacore.so 0x0
D/dalvikvm( 3572): Added shared lib libjavacore.so 0x0
D/dalvikvm( 3572): Trying to load lib libnativehelper.so 0x0
D/dalvikvm( 3572): Added shared lib libnativehelper.so 0x0
D/dalvikvm( 3572): No JNI_OnLoad found in libnativehelper.so 0x0, skipping init
D/dalvikvm( 3572): Note: class Landroid/app/ActivityManagerNative; has 179 unimplemented (abstract) methods
D/dalvikvm( 3568): Note: class Landroid/app/ActivityManagerNative; has 179 unimplemented (abstract) methods
E/memtrack( 3570): Couldn't load memtrack module (No such file or directory)
E/android.os.Debug( 3570): failed to load memtrack module: -2
D/AndroidRuntime( 3570): Calling main entry com.android.commands.pm.Pm
E/memtrack( 3572): Couldn't load memtrack module (No such file or directory)
E/android.os.Debug( 3572): failed to load memtrack module: -2
D/AndroidRuntime( 3570): Shutting down VM
D/jdwp    ( 3570): Got wake-up signal, bailing out of select
D/dalvikvm( 3570): Debugger has detached; object registry had 1 entries
E/memtrack( 3568): Couldn't load memtrack module (No such file or directory)
E/android.os.Debug( 3568): failed to load memtrack module: -2
D/AndroidRuntime( 3572): Calling main entry com.android.commands.pm.Pm
D/AndroidRuntime( 3568): Calling main entry com.android.commands.pm.Pm
D/AndroidRuntime( 3572): Shutting down VM
D/jdwp    ( 3572): Got wake-up signal, bailing out of select
D/dalvikvm( 3572): Debugger has detached; object registry had 1 entries
D/AndroidRuntime( 3568): Shutting down VM
D/jdwp    ( 3568): Got wake-up signal, bailing out of select
D/dalvikvm( 3568): Debugger has detached; object registry had 1 entries
D/AndroidRuntime( 3607): 
D/AndroidRuntime( 3607): >>>>>> AndroidRuntime START com.android.internal.os.RuntimeInit <<<<<<
W/linker  ( 3607): libdvm.so has text relocations. This is wasting memory and is a security risk. Please fix.
D/AndroidRuntime( 3605): 
D/AndroidRuntime( 3605): >>>>>> AndroidRuntime START com.android.internal.os.RuntimeInit <<<<<<
W/linker  ( 3605): libdvm.so has text relocations. This is wasting memory and is a security risk. Please fix.
D/AndroidRuntime( 3607): CheckJNI is ON
D/AndroidRuntime( 3605): CheckJNI is ON
D/dalvikvm( 3605): Trying to load lib libjavacore.so 0x0
D/dalvikvm( 3605): Added shared lib libjavacore.so 0x0
D/dalvikvm( 3607): Trying to load lib libjavacore.so 0x0
D/dalvikvm( 3605): Trying to load lib libnativehelper.so 0x0
D/dalvikvm( 3605): Added shared lib libnativehelper.so 0x0
D/dalvikvm( 3605): No JNI_OnLoad found in libnativehelper.so 0x0, skipping init
D/dalvikvm( 3607): Added shared lib libjavacore.so 0x0
D/dalvikvm( 3607): Trying to load lib libnativehelper.so 0x0
D/dalvikvm( 3607): Added shared lib libnativehelper.so 0x0
D/dalvikvm( 3607): No JNI_OnLoad found in libnativehelper.so 0x0, skipping init
D/dalvikvm( 3607): Note: class Landroid/app/ActivityManagerNative; has 179 unimplemented (abstract) methods
D/dalvikvm( 3605): Note: class Landroid/app/ActivityManagerNative; has 179 unimplemented (abstract) methods
D/dalvikvm( 2112): Debugger has detached; object registry had 1 entries
D/dalvikvm( 2082): Debugger has detached; object registry had 1 entries
D/dalvikvm( 2021): Debugger has detached; object registry had 1 entries
D/dalvikvm( 1766): Debugger has detached; object registry had 1 entries
D/dalvikvm( 1577): Debugger has detached; object registry had 1 entries
D/dalvikvm( 2609): Debugger has detached; object registry had 1 entries
D/dalvikvm( 1747): Debugger has detached; object registry had 1 entries
D/dalvikvm( 1813): Debugger has detached; object registry had 1 entries
D/dalvikvm( 2166): Debugger has detached; object registry had 1 entries
D/dalvikvm( 2204): Debugger has detached; object registry had 1 entries
D/dalvikvm( 1779): Debugger has detached; object registry had 1 entries
D/dalvikvm( 2101): Debugger has detached; object registry had 1 entries
D/dalvikvm( 1747): GC_CONCURRENT freed 396K, 14% free 2973K/3456K, paused 0ms+1ms, total 6ms
D/dalvikvm( 1660): Debugger has detached; object registry had 1 entries
D/dalvikvm( 1886): Debugger has detached; object registry had 1 entries
D/dalvikvm( 1660): GC_CONCURRENT freed 438K, 57% free 3237K/7504K, paused 1ms+0ms, total 9ms
D/AndroidRuntime( 3665): 
D/AndroidRuntime( 3665): >>>>>> AndroidRuntime START com.android.internal.os.RuntimeInit <<<<<<
W/linker  ( 3665): libdvm.so has text relocations. This is wasting memory and is a security risk. Please fix.
D/AndroidRuntime( 3665): CheckJNI is ON
D/dalvikvm( 3665): Trying to load lib libjavacore.so 0x0
D/dalvikvm( 3665): Added shared lib libjavacore.so 0x0
D/dalvikvm( 3665): Trying to load lib libnativehelper.so 0x0
D/dalvikvm( 3665): Added shared lib libnativehelper.so 0x0
D/dalvikvm( 3665): No JNI_OnLoad found in libnativehelper.so 0x0, skipping init
D/dalvikvm( 3665): Note: class Landroid/app/ActivityManagerNative; has 179 unimplemented (abstract) methods
E/memtrack( 3665): Couldn't load memtrack module (No such file or directory)
E/android.os.Debug( 3665): failed to load memtrack module: -2
D/AndroidRuntime( 3665): Calling main entry com.android.commands.pm.Pm
W/ActivityManager( 1577): No content provider found for permission revoke: file:///data/local/tmp/edu.buffalo.cse.cse486586.groupmessenger2
W/ActivityManager( 1577): No content provider found for permission revoke: file:///data/local/tmp/edu.buffalo.cse.cse486586.groupmessenger2
I/PackageManager( 1577): Copying native libraries to /data/app-lib/vmdl-889163428
I/ActivityManager( 1577): Force stopping edu.buffalo.cse.cse486586.groupmessenger2 appid=10052 user=-1: uninstall pkg
I/PackageManager( 1577): Running dexopt on: edu.buffalo.cse.cse486586.groupmessenger2
W/linker  ( 3676): libdvm.so has text relocations. This is wasting memory and is a security risk. Please fix.
I/PackageManager( 1577): Package edu.buffalo.cse.cse486586.groupmessenger2 codePath changed from /data/app/edu.buffalo.cse.cse486586.groupmessenger2-1.apk to /data/app/edu.buffalo.cse.cse486586.groupmessenger2-2.apk; Retaining data and using new
D/dalvikvm( 3676): DexOpt: load 2ms, verify+opt 16ms, 283604 bytes
W/PackageManager( 1577): Code path for pkg : edu.buffalo.cse.cse486586.groupmessenger2 changing from /data/app/edu.buffalo.cse.cse486586.groupmessenger2-1.apk to /data/app/edu.buffalo.cse.cse486586.groupmessenger2-2.apk
W/PackageManager( 1577): Resource path for pkg : edu.buffalo.cse.cse486586.groupmessenger2 changing from /data/app/edu.buffalo.cse.cse486586.groupmessenger2-1.apk to /data/app/edu.buffalo.cse.cse486586.groupmessenger2-2.apk
I/ActivityManager( 1577): Force stopping edu.buffalo.cse.cse486586.groupmessenger2 appid=10052 user=-1: update pkg
D/dalvikvm( 1577): GC_FOR_ALLOC freed 869K, 50% free 5853K/11668K, paused 10ms, total 35ms
I/ActivityManager( 1577): Force stopping edu.buffalo.cse.cse486586.groupmessenger2 appid=10052 user=0: pkg removed
D/dalvikvm( 1886): GC_EXPLICIT freed 14K, 14% free 4343K/4996K, paused 1ms+1ms, total 5ms
D/BackupManagerService( 1577): Received broadcast Intent { act=android.intent.action.PACKAGE_REMOVED dat=package:edu.buffalo.cse.cse486586.groupmessenger2 flg=0x4000010 (has extras) }
I/PackageManager( 1577):   Action: "android.intent.action.SENDTO"
I/PackageManager( 1577):   Category: "android.intent.category.DEFAULT"
I/PackageManager( 1577):   Scheme: "sms"
I/PackageManager( 1577): Adding preferred activity ComponentInfo{com.android.mms/com.android.mms.ui.ComposeMessageActivity} for user 0 :
I/InputReader( 1577): Reconfiguring input devices.  changes=0x00000010
I/PackageManager( 1577):   Action: "android.intent.action.SENDTO"
I/PackageManager( 1577):   Category: "android.intent.category.DEFAULT"
I/PackageManager( 1577):   Scheme: "smsto"
D/BackupManagerService( 1577): Received broadcast Intent { act=android.intent.action.PACKAGE_ADDED dat=package:edu.buffalo.cse.cse486586.groupmessenger2 flg=0x4000010 (has extras) }
V/BackupManagerService( 1577): removePackageParticipantsLocked: uid=10052 #1
V/BackupManagerService( 1577): addPackageParticipantsLocked: #1
I/PackageManager( 1577): Adding preferred activity ComponentInfo{com.android.mms/com.android.mms.ui.ComposeMessageActivity} for user 0 :
I/InputReader( 1577): Reconfiguring input devices.  changes=0x00000010
W/ContextImpl( 2609): Calling a method in the system process without a qualified user: android.app.ContextImpl.startService:1479 android.content.ContextWrapper.startService:494 android.content.ContextWrapper.startService:494 com.android.keychain.KeyChainBroadcastReceiver.onReceive:12 android.app.ActivityThread.handleReceiver:2419 
I/PackageManager( 1577):   Action: "android.intent.action.SENDTO"
I/PackageManager( 1577):   Category: "android.intent.category.DEFAULT"
I/PackageManager( 1577):   Scheme: "mms"
I/ActivityManager( 1577): Delay finish: com.android.keychain/.KeyChainBroadcastReceiver
I/PackageManager( 1577): Adding preferred activity ComponentInfo{com.android.mms/com.android.mms.ui.ComposeMessageActivity} for user 0 :
I/ActivityManager( 1577): Resuming delayed broadcast
I/PackageManager( 1577):   Action: "android.intent.action.SENDTO"
I/PackageManager( 1577):   Category: "android.intent.category.DEFAULT"
I/PackageManager( 1577):   Scheme: "mmsto"
I/PackageManager( 1577): Adding preferred activity ComponentInfo{com.android.mms/com.android.mms.ui.ComposeMessageActivity} for user 0 :
I/PackageManager( 1577):   Action: "android.intent.action.SENDTO"
I/PackageManager( 1577):   Category: "android.intent.category.DEFAULT"
I/PackageManager( 1577):   Scheme: "sms"
D/dalvikvm( 1577): GC_EXPLICIT freed 758K, 50% free 5847K/11668K, paused 1ms+2ms, total 37ms
D/AndroidRuntime( 3665): Shutting down VM
D/jdwp    ( 3665): Got wake-up signal, bailing out of select
D/dalvikvm( 3665): Debugger has detached; object registry had 1 entries
I/PackageManager( 1577): Adding preferred activity ComponentInfo{com.android.mms/com.android.mms.ui.ComposeMessageActivity} for user 0 :
W/RecognitionManagerService( 1577): no available voice recognition services found for user 0
D/dalvikvm( 1766): GC_FOR_ALLOC freed 512K, 16% free 3297K/3888K, paused 14ms, total 14ms
I/PackageManager( 1577):   Action: "android.intent.action.SENDTO"
I/PackageManager( 1577):   Category: "android.intent.category.DEFAULT"
I/PackageManager( 1577):   Scheme: "smsto"
I/PackageManager( 1577): Adding preferred activity ComponentInfo{com.android.mms/com.android.mms.ui.ComposeMessageActivity} for user 0 :
I/PackageManager( 1577):   Action: "android.intent.action.SENDTO"
I/PackageManager( 1577):   Category: "android.intent.category.DEFAULT"
I/PackageManager( 1577):   Scheme: "mms"
I/PackageManager( 1577): Adding preferred activity ComponentInfo{com.android.mms/com.android.mms.ui.ComposeMessageActivity} for user 0 :
I/PackageManager( 1577):   Action: "android.intent.action.SENDTO"
I/PackageManager( 1577):   Category: "android.intent.category.DEFAULT"
I/PackageManager( 1577):   Scheme: "mmsto"
I/PackageManager( 1577): Adding preferred activity ComponentInfo{com.android.mms/com.android.mms.ui.ComposeMessageActivity} for user 0 :
I/PackageManager( 1577):   Action: "android.intent.action.SENDTO"
I/PackageManager( 1577):   Category: "android.intent.category.DEFAULT"
I/PackageManager( 1577):   Scheme: "sms"
I/PackageManager( 1577): Adding preferred activity ComponentInfo{com.android.mms/com.android.mms.ui.ComposeMessageActivity} for user 0 :
I/PackageManager( 1577):   Action: "android.intent.action.SENDTO"
I/PackageManager( 1577):   Category: "android.intent.category.DEFAULT"
I/PackageManager( 1577):   Scheme: "smsto"
I/PackageManager( 1577): Adding preferred activity ComponentInfo{com.android.mms/com.android.mms.ui.ComposeMessageActivity} for user 0 :
I/PackageManager( 1577):   Action: "android.intent.action.SENDTO"
I/PackageManager( 1577):   Category: "android.intent.category.DEFAULT"
I/PackageManager( 1577):   Scheme: "mms"
I/PackageManager( 1577): Adding preferred activity ComponentInfo{com.android.mms/com.android.mms.ui.ComposeMessageActivity} for user 0 :
D/dalvikvm( 1766): GC_FOR_ALLOC freed 489K, 16% free 3274K/3888K, paused 4ms, total 5ms
I/PackageManager( 1577):   Action: "android.intent.action.SENDTO"
I/PackageManager( 1577):   Category: "android.intent.category.DEFAULT"
I/PackageManager( 1577):   Scheme: "mmsto"
I/PackageManager( 1577): Adding preferred activity ComponentInfo{com.android.mms/com.android.mms.ui.ComposeMessageActivity} for user 0 :
D/dalvikvm( 1577): GC_FOR_ALLOC freed 858K, 51% free 5790K/11668K, paused 14ms, total 14ms
I/PackageManager( 1577):   Action: "android.intent.action.SENDTO"
I/PackageManager( 1577):   Category: "android.intent.category.DEFAULT"
I/PackageManager( 1577):   Scheme: "sms"
I/PackageManager( 1577):   Action: "android.intent.action.SENDTO"
I/PackageManager( 1577):   Category: "android.intent.category.DEFAULT"
I/PackageManager( 1577):   Scheme: "smsto"
I/PackageManager( 1577): Adding preferred activity ComponentInfo{com.android.mms/com.android.mms.ui.ComposeMessageActivity} for user 0 :
I/PackageManager( 1577): Adding preferred activity ComponentInfo{com.android.mms/com.android.mms.ui.ComposeMessageActivity} for user 0 :
I/PackageManager( 1577):   Action: "android.intent.action.SENDTO"
I/PackageManager( 1577):   Category: "android.intent.category.DEFAULT"
I/PackageManager( 1577):   Scheme: "mms"
I/PackageManager( 1577):   Action: "android.intent.action.SENDTO"
I/PackageManager( 1577):   Category: "android.intent.category.DEFAULT"
I/PackageManager( 1577):   Scheme: "mmsto"
I/PackageManager( 1577): Adding preferred activity ComponentInfo{com.android.mms/com.android.mms.ui.ComposeMessageActivity} for user 0 :
I/PackageManager( 1577): Adding preferred activity ComponentInfo{com.android.mms/com.android.mms.ui.ComposeMessageActivity} for user 0 :
I/PackageManager( 1577):   Action: "android.intent.action.SENDTO"
I/PackageManager( 1577):   Category: "android.intent.category.DEFAULT"
I/PackageManager( 1577):   Scheme: "sms"
I/PackageManager( 1577): Adding preferred activity ComponentInfo{com.android.mms/com.android.mms.ui.ComposeMessageActivity} for user 0 :
D/dalvikvm( 1766): GC_FOR_ALLOC freed 461K, 16% free 3302K/3888K, paused 4ms, total 4ms
I/PackageManager( 1577):   Action: "android.intent.action.SENDTO"
I/PackageManager( 1577):   Category: "android.intent.category.DEFAULT"
I/PackageManager( 1577):   Scheme: "smsto"
I/PackageManager( 1577): Adding preferred activity ComponentInfo{com.android.mms/com.android.mms.ui.ComposeMessageActivity} for user 0 :
I/PackageManager( 1577):   Action: "android.intent.action.SENDTO"
I/PackageManager( 1577):   Category: "android.intent.category.DEFAULT"
I/PackageManager( 1577):   Scheme: "mms"
I/PackageManager( 1577): Adding preferred activity ComponentInfo{com.android.mms/com.android.mms.ui.ComposeMessageActivity} for user 0 :
I/PackageManager( 1577):   Action: "android.intent.action.SENDTO"
I/PackageManager( 1577):   Category: "android.intent.category.DEFAULT"
I/PackageManager( 1577):   Scheme: "mmsto"
I/PackageManager( 1577): Adding preferred activity ComponentInfo{com.android.mms/com.android.mms.ui.ComposeMessageActivity} for user 0 :
D/dalvikvm( 1577): GC_FOR_ALLOC freed 779K, 51% free 5805K/11668K, paused 10ms, total 10ms
I/PackageManager( 1577):   Action: "android.intent.action.SENDTO"
I/PackageManager( 1577):   Category: "android.intent.category.DEFAULT"
I/PackageManager( 1577):   Scheme: "sms"
I/PackageManager( 1577): Adding preferred activity ComponentInfo{com.android.mms/com.android.mms.ui.ComposeMessageActivity} for user 0 :
I/PackageManager( 1577):   Action: "android.intent.action.SENDTO"
I/PackageManager( 1577):   Category: "android.intent.category.DEFAULT"
I/PackageManager( 1577):   Scheme: "smsto"
I/PackageManager( 1577): Adding preferred activity ComponentInfo{com.android.mms/com.android.mms.ui.ComposeMessageActivity} for user 0 :
I/PackageManager( 1577):   Action: "android.intent.action.SENDTO"
I/PackageManager( 1577):   Category: "android.intent.category.DEFAULT"
I/PackageManager( 1577):   Scheme: "mms"
D/AndroidRuntime( 3683): 
D/AndroidRuntime( 3683): >>>>>> AndroidRuntime START com.android.internal.os.RuntimeInit <<<<<<
W/linker  ( 3683): libdvm.so has text relocations. This is wasting memory and is a security risk. Please fix.
I/PackageManager( 1577): Adding preferred activity ComponentInfo{com.android.mms/com.android.mms.ui.ComposeMessageActivity} for user 0 :
D/AndroidRuntime( 3683): CheckJNI is ON
D/dalvikvm( 3683): Trying to load lib libjavacore.so 0x0
D/dalvikvm( 3683): Added shared lib libjavacore.so 0x0
D/dalvikvm( 3683): Trying to load lib libnativehelper.so 0x0
D/dalvikvm( 3683): Added shared lib libnativehelper.so 0x0
D/dalvikvm( 3683): No JNI_OnLoad found in libnativehelper.so 0x0, skipping init
I/PackageManager( 1577):   Action: "android.intent.action.SENDTO"
I/PackageManager( 1577):   Category: "android.intent.category.DEFAULT"
I/PackageManager( 1577):   Scheme: "mmsto"
I/PackageManager( 1577): Adding preferred activity ComponentInfo{com.android.mms/com.android.mms.ui.ComposeMessageActivity} for user 0 :
D/dalvikvm( 1766): GC_FOR_ALLOC freed 475K, 16% free 3294K/3888K, paused 3ms, total 3ms
D/dalvikvm( 3683): Note: class Landroid/app/ActivityManagerNative; has 179 unimplemented (abstract) methods
E/memtrack( 3683): Couldn't load memtrack module (No such file or directory)
E/android.os.Debug( 3683): failed to load memtrack module: -2
D/AndroidRuntime( 3683): Calling main entry com.android.commands.am.Am
I/ActivityManager( 1577): START u0 {act=android.intent.action.MAIN cat=[android.intent.category.LAUNCHER] flg=0x10000000 cmp=edu.buffalo.cse.cse486586.groupmessenger2/.GroupMessengerActivity} from pid 3683
D/AndroidRuntime( 3683): Shutting down VM
D/jdwp    ( 3683): Got wake-up signal, bailing out of select
D/dalvikvm( 3683): Debugger has detached; object registry had 1 entries
D/dalvikvm( 3693): Not late-enabling CheckJNI (already on)
I/ActivityManager( 1577): Start proc edu.buffalo.cse.cse486586.groupmessenger2 for activity edu.buffalo.cse.cse486586.groupmessenger2/.GroupMessengerActivity: pid=3693 uid=10052 gids={50052, 3003}
D/EGL_emulation( 1886): eglMakeCurrent: 0xb8ac3dc0: ver 2 0
D/EGL_emulation( 1886): eglMakeCurrent: 0xb8ac3dc0: ver 2 0
D/gralloc_ranchu( 1140): gralloc_alloc: Creating ashmem region of size 307200
D/EGL_emulation( 1886): eglMakeCurrent: 0xb8ac3dc0: ver 2 0
D/gralloc_ranchu( 1140): gralloc_alloc: Creating ashmem region of size 307200
E/GroupMessengerActivity( 3693): ClientTask socket IOException : 0
D/        ( 3693): HostConnection::get() New Host Connection established 0xb8a669d0, tid 3693
D/EGL_emulation( 3693): eglCreateContext: 0xb8a68750: maj 2 min 0 rcv 2
D/EGL_emulation( 3693): eglMakeCurrent: 0xb8a68750: ver 2 0
E/EGL_emulation( 3693): tid 3693: eglSurfaceAttrib(1199): error 0x3009 (EGL_BAD_MATCH)
W/HardwareRenderer( 3693): Backbuffer cannot be preserved
D/OpenGLRenderer( 3693): Enabling debug mode 0
I/ActivityManager( 1577): Displayed edu.buffalo.cse.cse486586.groupmessenger2/.GroupMessengerActivity: +275ms
E/GroupMessengerActivity( 3693): ServerTask serversocket TimeoutException : here 0
E/GroupMessengerActivity( 3693): ClientTask socket IOException : 0
E/GroupMessengerActivity( 3693): ServerTask serversocket TimeoutException : here 0
E/GroupMessengerActivity( 3693): ClientTask socket IOException : 0
E/GroupMessengerActivity( 3693): ServerTask serversocket TimeoutException : here 0
E/GroupMessengerActivity( 3693): ClientTask socket IOException : 0
E/GroupMessengerActivity( 3693): ServerTask serversocket TimeoutException : here 0
E/GroupMessengerActivity( 3693): ClientTask socket IOException : 0
E/GroupMessengerActivity( 3693): ServerTask serversocket TimeoutException : here 0
E/GroupMessengerActivity( 3693): ClientTask socket IOException : 0
D/AlarmManagerService( 1577): Kernel timezone updated to 300 minutes west of GMT
D/        ( 1766): Setting time of day to sec=1552354267
V/AlarmClock( 2112): AlarmInitReceiver android.intent.action.TIME_SET
I/AlarmClock( 2112): Displaying next alarm time: ''
V/AlarmClock( 2112): AlarmInitReceiver finished
I/LatinIME:LogUtils( 1747): Dictionary info: dictionary = UserHistoryDictionary.en_US.dic ; version = ? ; date = 1552354267
D/AlarmManagerService( 1577): Kernel timezone updated to 240 minutes west of GMT
V/BackupManagerService( 1577): Running a backup pass
V/BackupManagerService( 1577): clearing pending backups
V/PerformBackupTask( 1577): Beginning backup of 7 targets
D/OpenGLRenderer( 1660): GL error from OpenGLRenderer: 0x502
E/OpenGLRenderer( 1660):   GL_INVALID_OPERATION
I/PerformBackupTask( 1577): Initializing (wiping) backup state and transport storage
D/BackupManagerService( 1577): Now staging backup of android
D/BackupManagerService( 1577): Now staging backup of com.android.providers.settings
D/BackupManagerService( 1577): Now staging backup of com.android.providers.userdictionary
D/BackupManagerService( 1577): Now staging backup of com.android.dialer
D/BackupManagerService( 1577): Now staging backup of com.android.sharedstoragebackup
D/BackupManagerService( 1577): Now staging backup of com.android.browser
V/LocalTransport( 1577): wiping all data
V/BackupServiceBinder( 1577): doBackup() invoked
V/LocalTransport( 1577): performBackup() pkg=@pm@
D/BackupManagerService( 1577): Now staging backup of com.android.calendar
D/PerformBackupTask( 1577): invokeAgentForBackup on @pm@
I/PMBA    ( 1577): Previous metadata null mismatch vs 4174703 - rewriting
V/LocalTransport( 1577): Got change set key=@meta@ size=13 key64=QG1ldGFA
V/LocalTransport( 1577):   data size 13
V/LocalTransport( 1577): Got change set key=com.android.calendar size=1208 key64=Y29tLmFuZHJvaWQuY2FsZW5kYXI=
V/LocalTransport( 1577):   data size 1208
V/LocalTransport( 1577): Got change set key=com.android.browser size=1208 key64=Y29tLmFuZHJvaWQuYnJvd3Nlcg==
V/LocalTransport( 1577):   data size 1208
V/LocalTransport( 1577): Got change set key=com.android.providers.userdictionary size=1208 key64=Y29tLmFuZHJvaWQucHJvdmlkZXJzLnVzZXJkaWN0aW9uYXJ5
V/LocalTransport( 1577):   data size 1208
V/LocalTransport( 1577): Got change set key=com.android.sharedstoragebackup size=1208 key64=Y29tLmFuZHJvaWQuc2hhcmVkc3RvcmFnZWJhY2t1cA==
V/LocalTransport( 1577):   data size 1208
V/LocalTransport( 1577): Got change set key=android size=1208 key64=YW5kcm9pZA==
V/LocalTransport( 1577):   data size 1208
V/LocalTransport( 1577): Got change set key=com.android.dialer size=1208 key64=Y29tLmFuZHJvaWQuZGlhbGVy
V/LocalTransport( 1577):   data size 1208
V/LocalTransport( 1577): Got change set key=com.android.providers.settings size=1208 key64=Y29tLmFuZHJvaWQucHJvdmlkZXJzLnNldHRpbmdz
V/LocalTransport( 1577):   data size 1208
V/LocalTransport( 1577): finishBackup()
D/PerformBackupTask( 1577): starting agent for backup of BackupRequest{pkg=com.android.dialer}
I/ActivityManager( 1577): Start proc com.android.dialer for backup com.android.dialer/.DialerBackupAgent: pid=3713 uid=10004 gids={50004, 3003, 1028, 1015}
D/BackupManagerService( 1577): awaiting agent for ApplicationInfo{b0feb1c8 com.android.dialer}
D/ExtensionsFactory( 3713): No custom extensions.
V/BackupServiceBinder( 3713): doBackup() invoked
D/BackupHelperDispatcher( 3713): handling new helper 'shared_pref'
D/BackupManagerService( 1577): agentConnected pkg=com.android.dialer agent=android.os.BinderProxy@b11addf8
I/BackupManagerService( 1577): got agent android.app.IBackupAgent$Stub$Proxy@b125a480
D/PerformBackupTask( 1577): invokeAgentForBackup on com.android.dialer
I/PerformBackupTask( 1577): no backup data written; not calling transport
D/PerformBackupTask( 1577): starting agent for backup of BackupRequest{pkg=com.android.calendar}
D/BackupManagerService( 1577): awaiting agent for ApplicationInfo{b1857b78 com.android.calendar}
V/BackupServiceBinder( 2082): doBackup() invoked
D/BackupHelperDispatcher( 2082): handling new helper 'shared_pref'
V/LocalTransport( 1577): performBackup() pkg=com.android.calendar
V/LocalTransport( 1577): Got change set key=shared_pref:com.android.calendar_preferences size=739 key64=c2hhcmVkX3ByZWY6Y29tLmFuZHJvaWQuY2FsZW5kYXJfcHJlZmVyZW5jZXM=
V/LocalTransport( 1577):   data size 739
V/LocalTransport( 1577): finishBackup()
D/BackupManagerService( 1577): agentConnected pkg=com.android.calendar agent=android.os.BinderProxy@b1159080
I/BackupManagerService( 1577): got agent android.app.IBackupAgent$Stub$Proxy@b1216ca8
D/PerformBackupTask( 1577): invokeAgentForBackup on com.android.calendar
D/PerformBackupTask( 1577): starting agent for backup of BackupRequest{pkg=com.android.browser}
I/ActivityManager( 1577): Start proc com.android.browser for backup com.android.browser/.BrowserBackupAgent: pid=3726 uid=10014 gids={50014, 3003, 1028, 1015}
D/BackupManagerService( 1577): awaiting agent for ApplicationInfo{b126e828 com.android.browser}
I/PackageManager( 1577): Running dexopt on: com.android.browser
W/linker  ( 3739): libdvm.so has text relocations. This is wasting memory and is a security risk. Please fix.
E/GroupMessengerActivity( 3693): ServerTask serversocket TimeoutException : here 0
E/GroupMessengerActivity( 3693): ClientTask socket IOException : 0
D/dalvikvm( 3739): DexOpt: load 17ms, verify+opt 49ms, 1500796 bytes
D/dalvikvm( 1577): GC_FOR_ALLOC freed 744K, 50% free 5861K/11668K, paused 7ms, total 7ms
E/cutils  ( 1135): Failed to mkdirat(/storage/sdcard/Android): Read-only file system
W/Vold    ( 1135): Returning OperationFailed - no handler for errno 30
W/ContextImpl( 3726): Failed to ensure directory: /storage/sdcard/Android/data/com.android.browser/files
V/BackupServiceBinder( 3726): doBackup() invoked
V/BackupServiceBinder( 1813): doBackup() invoked
D/BackupManagerService( 1577): agentConnected pkg=com.android.browser agent=android.os.BinderProxy@b1675ec8
I/BackupManagerService( 1577): got agent android.app.IBackupAgent$Stub$Proxy@b16ae278
D/PerformBackupTask( 1577): invokeAgentForBackup on com.android.browser
I/PerformBackupTask( 1577): no backup data written; not calling transport
E/ActivityThread( 3726): Failed to find provider info for com.google.settings
E/ActivityThread( 3726): Failed to find provider info for com.google.settings
D/PerformBackupTask( 1577): starting agent for backup of BackupRequest{pkg=com.android.providers.userdictionary}
D/BackupManagerService( 1577): awaiting agent for ApplicationInfo{b1711900 com.android.providers.userdictionary}
D/BackupManagerService( 1577): agentConnected pkg=com.android.providers.userdictionary agent=android.os.BinderProxy@b15ec180
I/BackupManagerService( 1577): got agent android.app.IBackupAgent$Stub$Proxy@b1642df0
D/PerformBackupTask( 1577): invokeAgentForBackup on com.android.providers.userdictionary
E/DictionaryBackupAgent( 1813): Couldn't read from the cursor
I/PerformBackupTask( 1577): no backup data written; not calling transport
D/PerformBackupTask( 1577): starting agent for backup of BackupRequest{pkg=android}
V/BackupServiceBinder( 1577): doBackup() invoked
D/BackupHelperDispatcher( 1577): handling new helper 'wallpaper'
V/LocalTransport( 1577): performBackup() pkg=android
V/LocalTransport( 1577): Got change set key=wallpaper:/data/system/wallpaper_info.xml size=113 key64=d2FsbHBhcGVyOi9kYXRhL3N5c3RlbS93YWxscGFwZXJfaW5mby54bWw=
V/LocalTransport( 1577):   data size 113
V/LocalTransport( 1577): finishBackup()
D/BackupManagerService( 1577): awaiting agent for ApplicationInfo{b100d180 android}
D/BackupManagerService( 1577): agentConnected pkg=android agent=android.app.backup.BackupAgent$BackupServiceBinder@b113c620
I/BackupManagerService( 1577): got agent android.app.backup.BackupAgent$BackupServiceBinder@b113c620
D/PerformBackupTask( 1577): invokeAgentForBackup on android
D/PerformBackupTask( 1577): starting agent for backup of BackupRequest{pkg=com.android.sharedstoragebackup}
I/ActivityManager( 1577): Start proc com.android.sharedstoragebackup for backup com.android.sharedstoragebackup/.SharedStorageAgent: pid=3745 uid=10011 gids={50011, 1028, 1015, 1023}
D/BackupManagerService( 1577): awaiting agent for ApplicationInfo{b12df320 com.android.sharedstoragebackup}
I/PackageManager( 1577): Running dexopt on: com.android.sharedstoragebackup
W/linker  ( 3758): libdvm.so has text relocations. This is wasting memory and is a security risk. Please fix.
D/dalvikvm( 3758): DexOpt: load 1ms, verify+opt 2ms, 154804 bytes
I/ActivityManager( 1577): Killing 1779:com.android.settings/1000 (adj 15): empty for 1822s
V/BackupServiceBinder( 3745): doBackup() invoked
V/BackupServiceBinder( 1577): doBackup() invoked
W/SettingsBackupAgent( 1577): Couldn't backup /data/misc/wifi/ipconfig.txt
D/BackupManagerService( 1577): agentConnected pkg=com.android.sharedstoragebackup agent=android.os.BinderProxy@b1185148
I/BackupManagerService( 1577): got agent android.app.IBackupAgent$Stub$Proxy@b10187d8
D/PerformBackupTask( 1577): invokeAgentForBackup on com.android.sharedstoragebackup
I/PerformBackupTask( 1577): no backup data written; not calling transport
D/PerformBackupTask( 1577): starting agent for backup of BackupRequest{pkg=com.android.providers.settings}
D/BackupManagerService( 1577): awaiting agent for ApplicationInfo{b183e2f8 com.android.providers.settings}
D/BackupManagerService( 1577): agentConnected pkg=com.android.providers.settings agent=android.app.backup.BackupAgent$BackupServiceBinder@b12590e0
I/BackupManagerService( 1577): got agent android.app.backup.BackupAgent$BackupServiceBinder@b12590e0
D/PerformBackupTask( 1577): invokeAgentForBackup on com.android.providers.settings
V/LocalTransport( 1577): performBackup() pkg=com.android.providers.settings
V/LocalTransport( 1577): Got change set key=system size=625 key64=c3lzdGVt
V/LocalTransport( 1577):   data size 625
V/LocalTransport( 1577): Got change set key=secure size=391 key64=c2VjdXJl
V/LocalTransport( 1577):   data size 391
V/LocalTransport( 1577): Got change set key=global size=292 key64=Z2xvYmFs
V/LocalTransport( 1577):   data size 292
V/LocalTransport( 1577): Got change set key=locale size=5 key64=bG9jYWxl
V/LocalTransport( 1577):   data size 5
V/LocalTransport( 1577): finishBackup()
I/PerformBackupTask( 1577): Backup pass finished.
I/ActivityManager( 1577): Killing 2166:com.android.mms/u0a9 (adj 15): empty for 1822s
D/CountryDetector( 1577): No listener is left
E/GroupMessengerActivity( 3693): ServerTask serversocket TimeoutException : here 0
E/GroupMessengerActivity( 3693): ClientTask socket IOException : 0
E/GroupMessengerActivity( 3693): ServerTask serversocket TimeoutException : here 0
E/GroupMessengerActivity( 3693): ClientTask socket IOException : 0
E/GroupMessengerActivity( 3693): ServerTask serversocket TimeoutException : here 0
E/GroupMessengerActivity( 3693): ClientTask socket IOException : 0
E/GroupMessengerActivity( 3693): ServerTask serversocket TimeoutException : here 0
E/GroupMessengerActivity( 3693): ClientTask socket IOException : 0
E/GroupMessengerActivity( 3693): ServerTask serversocket TimeoutException : here 0
E/GroupMessengerActivity( 3693): ClientTask socket IOException : 0
E/GroupMessengerActivity( 3693): ServerTask serversocket TimeoutException : here 0
E/GroupMessengerActivity( 3693): ClientTask socket IOException : 0
E/GroupMessengerActivity( 3693): ServerTask serversocket TimeoutException : here 0
E/GroupMessengerActivity( 3693): ClientTask socket IOException : 0
E/GroupMessengerActivity( 3693): ServerTask serversocket TimeoutException : here 0
E/GroupMessengerActivity( 3693): ClientTask socket IOException : 0
E/GroupMessengerActivity( 3693): ServerTask serversocket TimeoutException : here 0
E/GroupMessengerActivity( 3693): ClientTask socket IOException : 0
I/ActivityManager( 1577): Delay finish: com.android.providers.calendar/.CalendarProviderBroadcastReceiver
I/ActivityManager( 1577): Resuming delayed broadcast
E/GroupMessengerActivity( 3693): ServerTask serversocket TimeoutException : here 0
E/GroupMessengerActivity( 3693): ClientTask socket IOException : 0
E/GroupMessengerActivity( 3693): ServerTask serversocket TimeoutException : here 0
E/GroupMessengerActivity( 3693): ClientTask socket IOException : 0
D/AndroidRuntime( 3766): 
D/AndroidRuntime( 3766): >>>>>> AndroidRuntime START com.android.internal.os.RuntimeInit <<<<<<
W/linker  ( 3766): libdvm.so has text relocations. This is wasting memory and is a security risk. Please fix.
D/AndroidRuntime( 3766): CheckJNI is ON
E/GroupMessengerActivity( 3693): ServerTask serversocket TimeoutException : here 0
D/dalvikvm( 3766): Trying to load lib libjavacore.so 0x0
D/dalvikvm( 3766): Added shared lib libjavacore.so 0x0
D/dalvikvm( 3766): Trying to load lib libnativehelper.so 0x0
D/dalvikvm( 3766): Added shared lib libnativehelper.so 0x0
D/dalvikvm( 3766): No JNI_OnLoad found in libnativehelper.so 0x0, skipping init
D/AndroidRuntime( 3764): 
D/AndroidRuntime( 3764): >>>>>> AndroidRuntime START com.android.internal.os.RuntimeInit <<<<<<
W/linker  ( 3764): libdvm.so has text relocations. This is wasting memory and is a security risk. Please fix.
E/GroupMessengerActivity( 3693): ClientTask socket IOException : 0
D/AndroidRuntime( 3764): CheckJNI is ON
D/dalvikvm( 3764): Trying to load lib libjavacore.so 0x0
D/dalvikvm( 3764): Added shared lib libjavacore.so 0x0
D/dalvikvm( 3764): Trying to load lib libnativehelper.so 0x0
D/dalvikvm( 3764): Added shared lib libnativehelper.so 0x0
D/dalvikvm( 3764): No JNI_OnLoad found in libnativehelper.so 0x0, skipping init
D/dalvikvm( 3766): Note: class Landroid/app/ActivityManagerNative; has 179 unimplemented (abstract) methods
D/dalvikvm( 3764): Note: class Landroid/app/ActivityManagerNative; has 179 unimplemented (abstract) methods
E/memtrack( 3766): Couldn't load memtrack module (No such file or directory)
E/android.os.Debug( 3766): failed to load memtrack module: -2
E/memtrack( 3764): Couldn't load memtrack module (No such file or directory)
E/android.os.Debug( 3764): failed to load memtrack module: -2
D/AndroidRuntime( 3766): Calling main entry com.android.commands.pm.Pm
D/AndroidRuntime( 3764): Calling main entry com.android.commands.pm.Pm
D/AndroidRuntime( 3766): Shutting down VM
D/jdwp    ( 3766): Got wake-up signal, bailing out of select
D/dalvikvm( 3766): Debugger has detached; object registry had 1 entries
D/AndroidRuntime( 3764): Shutting down VM
D/jdwp    ( 3764): Got wake-up signal, bailing out of select
D/dalvikvm( 3764): Debugger has detached; object registry had 1 entries
E/GroupMessengerActivity( 3693): ServerTask serversocket TimeoutException : here 0
E/GroupMessengerActivity( 3693): ClientTask socket IOException : 0
E/GroupMessengerActivity( 3693): ServerTask serversocket TimeoutException : here 0
E/GroupMessengerActivity( 3693): ClientTask socket IOException : 0
E/GroupMessengerActivity( 3693): ServerTask serversocket TimeoutException : here 0
E/GroupMessengerActivity( 3693): ClientTask socket IOException : 0
E/GroupMessengerActivity( 3693): ServerTask serversocket TimeoutException : here 0
E/GroupMessengerActivity( 3693): ClientTask socket IOException : 0
E/GroupMessengerActivity( 3693): ServerTask serversocket TimeoutException : here 0
E/GroupMessengerActivity( 3693): ClientTask socket IOException : 0
E/GroupMessengerActivity( 3693): ServerTask serversocket TimeoutException : here 0
E/GroupMessengerActivity( 3693): ClientTask socket IOException : 0
E/GroupMessengerActivity( 3693): ServerTask serversocket TimeoutException : here 0
E/GroupMessengerActivity( 3693): ClientTask socket IOException : 0
E/GroupMessengerActivity( 3693): ServerTask serversocket TimeoutException : here 0
E/GroupMessengerActivity( 3693): ClientTask socket IOException : 0
D/AndroidRuntime( 3790): 
D/AndroidRuntime( 3790): >>>>>> AndroidRuntime START com.android.internal.os.RuntimeInit <<<<<<
W/linker  ( 3790): libdvm.so has text relocations. This is wasting memory and is a security risk. Please fix.
D/AndroidRuntime( 3790): CheckJNI is ON
D/dalvikvm( 3790): Trying to load lib libjavacore.so 0x0
D/dalvikvm( 3790): Added shared lib libjavacore.so 0x0
D/dalvikvm( 3790): Trying to load lib libnativehelper.so 0x0
D/dalvikvm( 3790): Added shared lib libnativehelper.so 0x0
D/dalvikvm( 3790): No JNI_OnLoad found in libnativehelper.so 0x0, skipping init
D/dalvikvm( 3790): Note: class Landroid/app/ActivityManagerNative; has 179 unimplemented (abstract) methods
E/GroupMessengerActivity( 3693): ServerTask serversocket TimeoutException : here 0
D/AndroidRuntime( 3792): 
D/AndroidRuntime( 3792): >>>>>> AndroidRuntime START com.android.internal.os.RuntimeInit <<<<<<
E/GroupMessengerActivity( 3693): ClientTask socket IOException : 0
W/linker  ( 3792): libdvm.so has text relocations. This is wasting memory and is a security risk. Please fix.
D/AndroidRuntime( 3792): CheckJNI is ON
D/dalvikvm( 3792): Trying to load lib libjavacore.so 0x0
D/dalvikvm( 3792): Added shared lib libjavacore.so 0x0
D/dalvikvm( 3792): Trying to load lib libnativehelper.so 0x0
D/dalvikvm( 3792): Added shared lib libnativehelper.so 0x0
D/dalvikvm( 3792): No JNI_OnLoad found in libnativehelper.so 0x0, skipping init
D/dalvikvm( 3792): Note: class Landroid/app/ActivityManagerNative; has 179 unimplemented (abstract) methods
E/memtrack( 3790): Couldn't load memtrack module (No such file or directory)
E/android.os.Debug( 3790): failed to load memtrack module: -2
E/memtrack( 3792): Couldn't load memtrack module (No such file or directory)
E/android.os.Debug( 3792): failed to load memtrack module: -2
D/AndroidRuntime( 3792): Calling main entry com.android.commands.pm.Pm
E/GroupMessengerActivity( 3693): ServerTask serversocket TimeoutException : here 0
D/AndroidRuntime( 3790): Calling main entry com.android.commands.pm.Pm
E/GroupMessengerActivity( 3693): ClientTask socket IOException : 0
D/AndroidRuntime( 3790): Shutting down VM
D/jdwp    ( 3790): Got wake-up signal, bailing out of select
D/dalvikvm( 3790): Debugger has detached; object registry had 1 entries
D/AndroidRuntime( 3792): Shutting down VM
D/jdwp    ( 3792): Got wake-up signal, bailing out of select
D/dalvikvm( 3792): Debugger has detached; object registry had 1 entries
E/GroupMessengerActivity( 3693): ServerTask serversocket TimeoutException : here 0
E/GroupMessengerActivity( 3693): ClientTask socket IOException : 0
D/AndroidRuntime( 3818): 
D/AndroidRuntime( 3818): >>>>>> AndroidRuntime START com.android.internal.os.RuntimeInit <<<<<<
W/linker  ( 3818): libdvm.so has text relocations. This is wasting memory and is a security risk. Please fix.
D/AndroidRuntime( 3818): CheckJNI is ON
D/dalvikvm( 3818): Trying to load lib libjavacore.so 0x0
D/dalvikvm( 3818): Added shared lib libjavacore.so 0x0
D/dalvikvm( 3818): Trying to load lib libnativehelper.so 0x0
D/dalvikvm( 3818): Added shared lib libnativehelper.so 0x0
D/dalvikvm( 3818): No JNI_OnLoad found in libnativehelper.so 0x0, skipping init
D/AndroidRuntime( 3833): 
D/AndroidRuntime( 3833): >>>>>> AndroidRuntime START com.android.internal.os.RuntimeInit <<<<<<
W/linker  ( 3833): libdvm.so has text relocations. This is wasting memory and is a security risk. Please fix.
D/AndroidRuntime( 3833): CheckJNI is ON
D/dalvikvm( 3833): Trying to load lib libjavacore.so 0x0
D/dalvikvm( 3833): Added shared lib libjavacore.so 0x0
D/dalvikvm( 3833): Trying to load lib libnativehelper.so 0x0
D/dalvikvm( 3833): Added shared lib libnativehelper.so 0x0
D/dalvikvm( 3833): No JNI_OnLoad found in libnativehelper.so 0x0, skipping init
D/dalvikvm( 3833): Note: class Landroid/app/ActivityManagerNative; has 179 unimplemented (abstract) methods
D/AndroidRuntime( 3837): 
D/AndroidRuntime( 3837): >>>>>> AndroidRuntime START com.android.internal.os.RuntimeInit <<<<<<
W/linker  ( 3837): libdvm.so has text relocations. This is wasting memory and is a security risk. Please fix.
D/AndroidRuntime( 3837): CheckJNI is ON
D/AndroidRuntime( 3835): 
D/AndroidRuntime( 3835): >>>>>> AndroidRuntime START com.android.internal.os.RuntimeInit <<<<<<
W/linker  ( 3835): libdvm.so has text relocations. This is wasting memory and is a security risk. Please fix.
D/AndroidRuntime( 3835): CheckJNI is ON
E/GroupMessengerActivity( 3693): ServerTask serversocket TimeoutException : here 0
E/memtrack( 3833): Couldn't load memtrack module (No such file or directory)
E/android.os.Debug( 3833): failed to load memtrack module: -2
D/dalvikvm( 3837): Trying to load lib libjavacore.so 0x0
D/dalvikvm( 3837): Added shared lib libjavacore.so 0x0
D/dalvikvm( 3835): Trying to load lib libjavacore.so 0x0
D/dalvikvm( 3835): Added shared lib libjavacore.so 0x0
D/AndroidRuntime( 3833): Calling main entry com.android.commands.pm.Pm
E/GroupMessengerActivity( 3693): ClientTask socket IOException : 0
D/dalvikvm( 3837): Trying to load lib libnativehelper.so 0x0
D/dalvikvm( 3837): Added shared lib libnativehelper.so 0x0
D/dalvikvm( 3837): No JNI_OnLoad found in libnativehelper.so 0x0, skipping init
D/AndroidRuntime( 3833): Shutting down VM
D/dalvikvm( 3833): GC_CONCURRENT freed 180K, 25% free 558K/740K, paused 0ms+0ms, total 1ms
D/dalvikvm( 3835): Trying to load lib libnativehelper.so 0x0
D/dalvikvm( 3835): Added shared lib libnativehelper.so 0x0
D/dalvikvm( 3835): No JNI_OnLoad found in libnativehelper.so 0x0, skipping init
D/dalvikvm( 3835): Note: class Landroid/app/ActivityManagerNative; has 179 unimplemented (abstract) methods
D/dalvikvm( 3837): Note: class Landroid/app/ActivityManagerNative; has 179 unimplemented (abstract) methods
E/memtrack( 3835): Couldn't load memtrack module (No such file or directory)
E/android.os.Debug( 3835): failed to load memtrack module: -2
E/memtrack( 3837): Couldn't load memtrack module (No such file or directory)
E/android.os.Debug( 3837): failed to load memtrack module: -2
D/AndroidRuntime( 3835): Calling main entry com.android.commands.pm.Pm
D/AndroidRuntime( 3835): Shutting down VM
D/jdwp    ( 3835): Got wake-up signal, bailing out of select
D/dalvikvm( 3835): Debugger has detached; object registry had 1 entries
D/AndroidRuntime( 3837): Calling main entry com.android.commands.pm.Pm
E/GroupMessengerActivity( 3693): ClientTask socket IOException : 0
E/GroupMessengerActivity( 3693): ServerTask serversocket TimeoutException : here 0
D/AndroidRuntime( 3837): Shutting down VM
D/jdwp    ( 3837): Got wake-up signal, bailing out of select
D/dalvikvm( 3837): Debugger has detached; object registry had 1 entries
E/GroupMessengerActivity( 3693): ClientTask socket IOException : 0
E/GroupMessengerActivity( 3693): ServerTask serversocket TimeoutException : here 0
E/GroupMessengerActivity( 3693): ClientTask socket IOException : 0
E/GroupMessengerActivity( 3693): ServerTask serversocket TimeoutException : here 0
E/GroupMessengerActivity( 3693): ClientTask socket IOException : 0
E/GroupMessengerActivity( 3693): ServerTask serversocket TimeoutException : here 0
E/GroupMessengerActivity( 3693): ServerTask serversocket TimeoutException : here 0
E/GroupMessengerActivity( 3693): ClientTask socket IOException : 0
E/GroupMessengerActivity( 3693): ServerTask serversocket TimeoutException : here 0
E/GroupMessengerActivity( 3693): ClientTask socket IOException : 0
E/GroupMessengerActivity( 3693): ServerTask serversocket TimeoutException : here 0
E/GroupMessengerActivity( 3693): ClientTask socket IOException : 0
D/AndroidRuntime( 3871): 
D/AndroidRuntime( 3871): >>>>>> AndroidRuntime START com.android.internal.os.RuntimeInit <<<<<<
W/linker  ( 3871): libdvm.so has text relocations. This is wasting memory and is a security risk. Please fix.
D/AndroidRuntime( 3871): CheckJNI is ON
D/dalvikvm( 3871): Trying to load lib libjavacore.so 0x0
D/dalvikvm( 3871): Added shared lib libjavacore.so 0x0
D/dalvikvm( 3871): Trying to load lib libnativehelper.so 0x0
D/dalvikvm( 3871): Added shared lib libnativehelper.so 0x0
D/dalvikvm( 3871): No JNI_OnLoad found in libnativehelper.so 0x0, skipping init
D/dalvikvm( 3871): Note: class Landroid/app/ActivityManagerNative; has 179 unimplemented (abstract) methods
D/AndroidRuntime( 3873): 
D/AndroidRuntime( 3873): >>>>>> AndroidRuntime START com.android.internal.os.RuntimeInit <<<<<<
W/linker  ( 3873): libdvm.so has text relocations. This is wasting memory and is a security risk. Please fix.
D/AndroidRuntime( 3873): CheckJNI is ON
D/dalvikvm( 3873): Trying to load lib libjavacore.so 0x0
D/dalvikvm( 3873): Added shared lib libjavacore.so 0x0
D/dalvikvm( 3873): Trying to load lib libnativehelper.so 0x0
D/dalvikvm( 3873): Added shared lib libnativehelper.so 0x0
D/dalvikvm( 3873): No JNI_OnLoad found in libnativehelper.so 0x0, skipping init
D/AndroidRuntime( 3875): 
D/AndroidRuntime( 3875): >>>>>> AndroidRuntime START com.android.internal.os.RuntimeInit <<<<<<
W/linker  ( 3875): libdvm.so has text relocations. This is wasting memory and is a security risk. Please fix.
E/GroupMessengerActivity( 3693): ServerTask serversocket TimeoutException : here 0
E/GroupMessengerActivity( 3693): ClientTask socket IOException : 0
D/AndroidRuntime( 3875): CheckJNI is ON
D/dalvikvm( 3875): Trying to load lib libjavacore.so 0x0
D/dalvikvm( 3875): Added shared lib libjavacore.so 0x0
D/dalvikvm( 3875): Trying to load lib libnativehelper.so 0x0
D/dalvikvm( 3875): Added shared lib libnativehelper.so 0x0
D/dalvikvm( 3875): No JNI_OnLoad found in libnativehelper.so 0x0, skipping init
D/dalvikvm( 3873): Note: class Landroid/app/ActivityManagerNative; has 179 unimplemented (abstract) methods
E/memtrack( 3871): Couldn't load memtrack module (No such file or directory)
E/android.os.Debug( 3871): failed to load memtrack module: -2
D/dalvikvm( 3875): Note: class Landroid/app/ActivityManagerNative; has 179 unimplemented (abstract) methods
D/AndroidRuntime( 3871): Calling main entry com.android.commands.pm.Pm
E/GroupMessengerActivity( 3693): ServerTask serversocket TimeoutException : here 0
E/GroupMessengerActivity( 3693): ClientTask socket IOException : 0
E/memtrack( 3873): Couldn't load memtrack module (No such file or directory)
E/android.os.Debug( 3873): failed to load memtrack module: -2
D/AndroidRuntime( 3871): Shutting down VM
D/jdwp    ( 3871): Got wake-up signal, bailing out of select
D/dalvikvm( 3871): Debugger has detached; object registry had 1 entries
E/memtrack( 3875): Couldn't load memtrack module (No such file or directory)
E/android.os.Debug( 3875): failed to load memtrack module: -2
D/AndroidRuntime( 3873): Calling main entry com.android.commands.pm.Pm
D/AndroidRuntime( 3918): 
D/AndroidRuntime( 3918): >>>>>> AndroidRuntime START com.android.internal.os.RuntimeInit <<<<<<
W/linker  ( 3918): libdvm.so has text relocations. This is wasting memory and is a security risk. Please fix.
D/AndroidRuntime( 3914): 
D/AndroidRuntime( 3914): >>>>>> AndroidRuntime START com.android.internal.os.RuntimeInit <<<<<<
D/AndroidRuntime( 3918): CheckJNI is ON
W/linker  ( 3914): libdvm.so has text relocations. This is wasting memory and is a security risk. Please fix.
D/AndroidRuntime( 3914): CheckJNI is ON
D/dalvikvm( 3918): Trying to load lib libjavacore.so 0x0
D/dalvikvm( 3914): Trying to load lib libjavacore.so 0x0
D/dalvikvm( 3918): Added shared lib libjavacore.so 0x0
D/dalvikvm( 3918): Trying to load lib libnativehelper.so 0x0
D/dalvikvm( 3918): Added shared lib libnativehelper.so 0x0
D/dalvikvm( 3918): No JNI_OnLoad found in libnativehelper.so 0x0, skipping init
D/dalvikvm( 3914): Added shared lib libjavacore.so 0x0
D/dalvikvm( 3914): Trying to load lib libnativehelper.so 0x0
D/dalvikvm( 3914): Added shared lib libnativehelper.so 0x0
D/dalvikvm( 3914): No JNI_OnLoad found in libnativehelper.so 0x0, skipping init
D/dalvikvm( 3918): Note: class Landroid/app/ActivityManagerNative; has 179 unimplemented (abstract) methods
D/dalvikvm( 3914): Note: class Landroid/app/ActivityManagerNative; has 179 unimplemented (abstract) methods
D/AndroidRuntime( 3912): 
D/AndroidRuntime( 3912): >>>>>> AndroidRuntime START com.android.internal.os.RuntimeInit <<<<<<
W/linker  ( 3912): libdvm.so has text relocations. This is wasting memory and is a security risk. Please fix.
D/AndroidRuntime( 3912): CheckJNI is ON
D/dalvikvm( 3912): Trying to load lib libjavacore.so 0x0
D/dalvikvm( 3912): Added shared lib libjavacore.so 0x0
D/dalvikvm( 3912): Trying to load lib libnativehelper.so 0x0
D/dalvikvm( 3912): Added shared lib libnativehelper.so 0x0
D/dalvikvm( 3912): No JNI_OnLoad found in libnativehelper.so 0x0, skipping init
D/AndroidRuntime( 3916): 
