I/GroupMessengerActivity( 3500): myi  0 500
I/GroupMessengerActivity( 3500): myi  0 500
I/GroupMessengerActivity( 3500): myi  0 500
I/GroupMessengerActivity( 3500): myi  0 500
I/GroupMessengerActivity( 3500): myi  0 500
I/GroupMessengerActivity( 3500): myi  0 500
I/GroupMessengerActivity( 3500): myi  0 500
I/GroupMessengerActivity( 3500): myi  0 500
I/GroupMessengerActivity( 3500): myi  0 500
I/GroupMessengerActivity( 3500): myi  0 500
I/GroupMessengerActivity( 3500): myi  0 500
I/GroupMessengerActivity( 3500): myi  0 500
I/GroupMessengerActivity( 3500): myi  0 500
I/GroupMessengerActivity( 3500): myi  0 500
I/GroupMessengerActivity( 3500): myi  0 500
I/GroupMessengerActivity( 3500): myi  0 500
I/GroupMessengerActivity( 3500): myi  0 500
I/GroupMessengerActivity( 3500): myi  0 500
I/GroupMessengerActivity( 3500): myi  0 500
I/GroupMessengerActivity( 3500): myi  0 500
I/GroupMessengerActivity( 3500): myi  0 500
I/GroupMessengerActivity( 3500): myi  0 500
I/GroupMessengerActivity( 3500): myi  0 500
I/GroupMessengerActivity( 3500): myi  0 500
I/GroupMessengerActivity( 3500): myi  0 500
I/GroupMessengerActivity( 3500): myi  0 500
I/GroupMessengerActivity( 3500): myi  0 500
I/GroupMessengerActivity( 3500): myi  0 500
I/GroupMessengerActivity( 3500): myi  0 500
I/GroupMessengerActivity( 3500): myi  0 500
I/GroupMessengerActivity( 3500): myi  0 500
I/GroupMessengerActivity( 3500): myi  0 500
I/GroupMessengerActivity( 3500): myi  0 500
I/GroupMessengerActivity( 3500): myi  0 500
I/GroupMessengerActivity( 3500): myi  0 500
I/GroupMessengerActivity( 3500): myi  0 500
I/GroupMessengerActivity( 3500): myi  0 500
I/GroupMessengerActivity( 3500): myi  0 500
I/GroupMessengerActivity( 3500): myi  0 500
I/GroupMessengerActivity( 3500): myi  0 500
I/GroupMessengerActivity( 3500): myi  0 500
I/GroupMessengerActivity( 3500): myi  0 500
I/GroupMessengerActivity( 3500): myi  0 500
I/GroupMessengerActivity( 3500): myi  0 500
I/GroupMessengerActivity( 3500): myi  0 500
I/GroupMessengerActivity( 3500): myi  0 500
I/GroupMessengerActivity( 3500): myi  0 500
I/GroupMessengerActivity( 3500): myi  0 500
I/GroupMessengerActivity( 3500): myi  0 500
I/GroupMessengerActivity( 3500): myi  0 500
I/GroupMessengerActivity( 3500): myi  0 500
I/GroupMessengerActivity( 3500): myi  0 500
I/GroupMessengerActivity( 3500): myi  0 500
I/GroupMessengerActivity( 3500): myi  0 500
I/GroupMessengerActivity( 3500): myi  0 500
I/GroupMessengerActivity( 3500): myi  0 500
I/GroupMessengerActivity( 3500): myi  0 500
I/GroupMessengerActivity( 3500): myi  0 500
I/GroupMessengerActivity( 3500): myi  0 500
I/GroupMessengerActivity( 3500): myi  0 500
I/GroupMessengerActivity( 3500): myi  0 500
I/GroupMessengerActivity( 3500): myi  0 500
I/GroupMessengerActivity( 3500): myi  0 500
I/GroupMessengerActivity( 3500): myi  0 500
I/GroupMessengerActivity( 3500): myi  0 500
I/GroupMessengerActivity( 3500): myi  0 500
I/GroupMessengerActivity( 3500): myi  0 500
I/GroupMessengerActivity( 3500): myi  0 500
I/GroupMessengerActivity( 3500): myi  0 500
I/GroupMessengerActivity( 3500): myi  0 500
I/GroupMessengerActivity( 3500): myi  0 500
I/GroupMessengerActivity( 3500): myi  0 500
I/GroupMessengerActivity( 3500): myi  0 500
I/GroupMessengerActivity( 3500): myi  0 500
I/GroupMessengerActivity( 3500): myi  0 500
I/GroupMessengerActivity( 3500): myi  0 500
I/GroupMessengerActivity( 3500): myi  0 500
I/GroupMessengerActivity( 3500): myi  0 500
I/GroupMessengerActivity( 3500): myi  0 500
I/GroupMessengerActivity( 3500): myi  0 500
I/GroupMessengerActivity( 3500): myi  0 500
I/GroupMessengerActivity( 3500): myi  0 500
I/GroupMessengerActivity( 3500): myi  0 500
I/GroupMessengerActivity( 3500): myi  0 500
I/GroupMessengerActivity( 3500): myi  0 500
I/GroupMessengerActivity( 3500): myi  0 500
I/GroupMessengerActivity( 3500): myi  0 500
I/GroupMessengerActivity( 3500): myi  0 500
I/GroupMessengerActivity( 3500): myi  0 500
I/GroupMessengerActivity( 3500): myi  0 500
I/GroupMessengerActivity( 3500): myi  0 500
I/GroupMessengerActivity( 3500): myi  0 500
I/GroupMessengerActivity( 3500): myi  0 500
I/GroupMessengerActivity( 3500): myi  0 500
I/GroupMessengerActivity( 3500): myi  0 500
I/GroupMessengerActivity( 3500): myi  0 500
I/GroupMessengerActivity( 3500): myi  0 500
I/GroupMessengerActivity( 3500): myi  0 500
I/GroupMessengerActivity( 3500): myi  0 500
I/GroupMessengerActivity( 3500): myi  0 500
I/GroupMessengerActivity( 3500): myi  0 500
I/GroupMessengerActivity( 3500): myi  0 500
I/GroupMessengerActivity( 3500): myi  0 500
I/GroupMessengerActivity( 3500): myi  0 500
I/GroupMessengerActivity( 3500): myi  0 500
I/GroupMessengerActivity( 3500): myi  0 500
I/GroupMessengerActivity( 3500): myi  0 500
I/GroupMessengerActivity( 3500): myi  0 500
I/GroupMessengerActivity( 3500): myi  0 500
I/GroupMessengerActivity( 3500): myi  0 500
I/GroupMessengerActivity( 3500): myi  0 500
I/GroupMessengerActivity( 3500): myi  0 500
I/GroupMessengerActivity( 3500): myi  0 500
I/GroupMessengerActivity( 3500): myi  0 500
I/GroupMessengerActivity( 3500): myi  0 500
I/GroupMessengerActivity( 3500): myi  0 500
I/GroupMessengerActivity( 3500): myi  0 500
I/GroupMessengerActivity( 3500): myi  0 500
I/GroupMessengerActivity( 3500): myi  0 500
I/GroupMessengerActivity( 3500): myi  0 500
I/GroupMessengerActivity( 3500): myi  0 500
I/GroupMessengerActivity( 3500): myi  0 500
I/GroupMessengerActivity( 3500): myi  0 500
I/GroupMessengerActivity( 3500): myi  0 500
I/GroupMessengerActivity( 3500): myi  0 500
I/GroupMessengerActivity( 3500): myi  0 500
I/GroupMessengerActivity( 3500): myi  0 500
I/GroupMessengerActivity( 3500): myi  0 500
I/GroupMessengerActivity( 3500): myi  0 500
I/GroupMessengerActivity( 3500): myi  0 500
I/GroupMessengerActivity( 3500): myi  0 500
I/GroupMessengerActivity( 3500): myi  0 500
I/GroupMessengerActivity( 3500): myi  0 500
I/GroupMessengerActivity( 3500): myi  0 500
I/GroupMessengerActivity( 3500): myi  0 500
I/GroupMessengerActivity( 3500): myi  0 500
I/GroupMessengerActivity( 3500): myi  0 500
I/GroupMessengerActivity( 3500): myi  0 500
I/GroupMessengerActivity( 3500): myi  0 500
I/GroupMessengerActivity( 3500): myi  0 500
I/GroupMessengerActivity( 3500): myi  0 500
I/GroupMessengerActivity( 3500): myi  0 500
I/GroupMessengerActivity( 3500): myi  0 500
I/GroupMessengerActivity( 3500): myi  0 500
I/GroupMessengerActivity( 3500): myi  0 500
I/GroupMessengerActivity( 3500): myi  0 500
I/GroupMessengerActivity( 3500): myi  0 500
I/GroupMessengerActivity( 3500): myi  0 500
I/GroupMessengerActivity( 3500): myi  0 500
I/GroupMessengerActivity( 3500): myi  0 500
I/GroupMessengerActivity( 3500): myi  0 500
I/GroupMessengerActivity( 3500): myi  0 500
I/GroupMessengerActivity( 3500): myi  0 500
I/GroupMessengerActivity( 3500): myi  0 500
I/GroupMessengerActivity( 3500): myi  0 500
I/GroupMessengerActivity( 3500): myi  0 500
I/GroupMessengerActivity( 3500): myi  0 500
I/GroupMessengerActivity( 3500): myi  0 500
I/GroupMessengerActivity( 3500): myi  0 500
I/GroupMessengerActivity( 3500): myi  0 500
I/GroupMessengerActivity( 3500): myi  0 500
I/GroupMessengerActivity( 3500): myi  0 500
I/GroupMessengerActivity( 3500): myi  0 500
I/GroupMessengerActivity( 3500): myi  0 500
I/GroupMessengerActivity( 3500): myi  0 500
I/GroupMessengerActivity( 3500): myi  0 500
I/GroupMessengerActivity( 3500): myi  0 500
I/GroupMessengerActivity( 3500): myi  0 500
I/GroupMessengerActivity( 3500): myi  0 500
I/GroupMessengerActivity( 3500): myi  0 500
I/GroupMessengerActivity( 3500): myi  0 500
I/GroupMessengerActivity( 3500): myi  0 500
I/GroupMessengerActivity( 3500): myi  0 500
I/GroupMessengerActivity( 3500): myi  0 500
I/GroupMessengerActivity( 3500): myi  0 500
I/GroupMessengerActivity( 3500): myi  0 500
I/GroupMessengerActivity( 3500): myi  0 500
I/GroupMessengerActivity( 3500): myi  0 500
I/GroupMessengerActivity( 3500): myi  0 500
I/GroupMessengerActivity( 3500): myi  0 500
I/GroupMessengerActivity( 3500): myi  0 500
I/GroupMessengerActivity( 3500): myi  0 500
I/GroupMessengerActivity( 3500): myi  0 500
I/GroupMessengerActivity( 3500): myi  0 500
I/GroupMessengerActivity( 3500): myi  0 500
I/GroupMessengerActivity( 3500): myi  0 500
I/GroupMessengerActivity( 3500): myi  0 500
I/GroupMessengerActivity( 3500): myi  0 500
I/GroupMessengerActivity( 3500): myi  0 500
I/GroupMessengerActivity( 3500): myi  0 500
I/GroupMessengerActivity( 3500): myi  0 500
I/GroupMessengerActivity( 3500): myi  0 500
I/GroupMessengerActivity( 3500): myi  0 500
I/GroupMessengerActivity( 3500): myi  0 500
I/GroupMessengerActivity( 3500): myi  0 500
I/GroupMessengerActivity( 3500): myi  0 500
I/GroupMessengerActivity( 3500): myi  0 500
I/GroupMessengerActivity( 3500): myi  0 500
I/GroupMessengerActivity( 3500): myi  0 500
I/GroupMessengerActivity( 3500): myi  0 500
I/GroupMessengerActivity( 3500): myi  0 500
I/GroupMessengerActivity( 3500): myi  0 500
I/GroupMessengerActivity( 3500): myi  0 500
I/GroupMessengerActivity( 3500): myi  0 500
I/GroupMessengerActivity( 3500): myi  0 500
I/GroupMessengerActivity( 3500): myi  0 500
I/GroupMessengerActivity( 3500): myi  0 500
I/GroupMessengerActivity( 3500): myi  0 500
I/GroupMessengerActivity( 3500): myi  0 500
I/GroupMessengerActivity( 3500): myi  0 500
I/GroupMessengerActivity( 3500): myi  0 500
I/GroupMessengerActivity( 3500): myi  0 500
I/GroupMessengerActivity( 3500): myi  0 500
I/GroupMessengerActivity( 3500): myi  0 500
I/GroupMessengerActivity( 3500): myi  0 500
I/GroupMessengerActivity( 3500): myi  0 500
I/GroupMessengerActivity( 3500): myi  0 500
I/GroupMessengerActivity( 3500): myi  0 500
I/GroupMessengerActivity( 3500): myi  0 500
I/GroupMessengerActivity( 3500): myi  0 500
I/GroupMessengerActivity( 3500): myi  0 500
I/GroupMessengerActivity( 3500): myi  0 500
I/GroupMessengerActivity( 3500): myi  0 500
I/GroupMessengerActivity( 3500): myi  0 500
I/GroupMessengerActivity( 3500): myi  0 500
I/GroupMessengerActivity( 3500): myi  0 500
I/GroupMessengerActivity( 3500): myi  0 500
I/GroupMessengerActivity( 3500): myi  0 500
I/GroupMessengerActivity( 3500): myi  0 500
I/GroupMessengerActivity( 3500): myi  0 500
I/GroupMessengerActivity( 3500): myi  0 500
I/GroupMessengerActivity( 3500): myi  0 500
I/GroupMessengerActivity( 3500): myi  0 500
I/GroupMessengerActivity( 3500): myi  0 500
I/GroupMessengerActivity( 3500): myi  0 500
I/GroupMessengerActivity( 3500): myi  0 500
I/GroupMessengerActivity( 3500): myi  0 500
I/GroupMessengerActivity( 3500): myi  0 500
I/GroupMessengerActivity( 3500): myi  0 500
I/GroupMessengerActivity( 3500): myi  0 500
I/GroupMessengerActivity( 3500): myi  0 500
I/GroupMessengerActivity( 3500): myi  0 500
I/GroupMessengerActivity( 3500): myi  0 500
I/GroupMessengerActivity( 3500): myi  0 500
I/GroupMessengerActivity( 3500): myi  0 500
I/GroupMessengerActivity( 3500): myi  0 500
I/GroupMessengerActivity( 3500): myi  0 500
I/GroupMessengerActivity( 3500): myi  0 500
I/GroupMessengerActivity( 3500): myi  0 500
I/GroupMessengerActivity( 3500): myi  0 500
I/GroupMessengerActivity( 3500): myi  0 500
I/GroupMessengerActivity( 3500): myi  0 500
I/GroupMessengerActivity( 3500): myi  0 500
I/GroupMessengerActivity( 3500): myi  0 500
I/GroupMessengerActivity( 3500): myi  0 500
I/GroupMessengerActivity( 3500): myi  0 500
I/GroupMessengerActivity( 3500): myi  0 500
I/GroupMessengerActivity( 3500): myi  0 500
I/GroupMessengerActivity( 3500): myi  0 500
I/GroupMessengerActivity( 3500): myi  0 500
I/GroupMessengerActivity( 3500): myi  0 500
I/GroupMessengerActivity( 3500): myi  0 500
I/GroupMessengerActivity( 3500): myi  0 500
I/GroupMessengerActivity( 3500): myi  0 500
I/GroupMessengerActivity( 3500): myi  0 500
I/GroupMessengerActivity( 3500): myi  0 500
I/GroupMessengerActivity( 3500): myi  0 500
I/GroupMessengerActivity( 3500): myi  0 500
I/GroupMessengerActivity( 3500): myi  0 500
I/GroupMessengerActivity( 3500): myi  0 500
I/GroupMessengerActivity( 3500): myi  0 500
I/GroupMessengerActivity( 3500): myi  0 500
I/GroupMessengerActivity( 3500): myi  0 500
I/GroupMessengerActivity( 3500): myi  0 500
I/GroupMessengerActivity( 3500): myi  0 500
I/GroupMessengerActivity( 3500): myi  0 500
I/GroupMessengerActivity( 3500): myi  0 500
I/GroupMessengerActivity( 3500): myi  0 500
I/GroupMessengerActivity( 3500): myi  0 500
I/GroupMessengerActivity( 3500): myi  0 500
I/GroupMessengerActivity( 3500): myi  0 500
I/GroupMessengerActivity( 3500): myi  0 500
I/GroupMessengerActivity( 3500): myi  0 500
I/GroupMessengerActivity( 3500): myi  0 500
I/GroupMessengerActivity( 3500): myi  0 500
I/GroupMessengerActivity( 3500): myi  0 500
I/GroupMessengerActivity( 3500): myi  0 500
I/GroupMessengerActivity( 3500): myi  0 500
I/GroupMessengerActivity( 3500): myi  0 500
I/GroupMessengerActivity( 3500): myi  0 500
I/GroupMessengerActivity( 3500): myi  0 500
I/GroupMessengerActivity( 3500): myi  0 500
I/GroupMessengerActivity( 3500): myi  0 500
I/GroupMessengerActivity( 3500): myi  0 500
I/GroupMessengerActivity( 3500): myi  0 500
I/GroupMessengerActivity( 3500): myi  0 500
I/GroupMessengerActivity( 3500): myi  0 500
I/GroupMessengerActivity( 3500): myi  0 500
I/GroupMessengerActivity( 3500): myi  0 500
I/GroupMessengerActivity( 3500): myi  0 500
I/GroupMessengerActivity( 3500): myi  0 500
I/GroupMessengerActivity( 3500): myi  0 500
I/GroupMessengerActivity( 3500): myi  0 500
I/GroupMessengerActivity( 3500): myi  0 500
I/GroupMessengerActivity( 3500): myi  0 500
I/GroupMessengerActivity( 3500): myi  0 500
I/GroupMessengerActivity( 3500): myi  0 500
I/GroupMessengerActivity( 3500): myi  0 500
I/GroupMessengerActivity( 3500): myi  0 500
I/GroupMessengerActivity( 3500): myi  0 500
I/GroupMessengerActivity( 3500): myi  0 500
I/GroupMessengerActivity( 3500): myi  0 500
I/GroupMessengerActivity( 3500): myi  0 500
I/GroupMessengerActivity( 3500): myi  0 500
I/GroupMessengerActivity( 3500): myi  0 500
I/GroupMessengerActivity( 3500): myi  0 500
I/GroupMessengerActivity( 3500): myi  0 500
I/GroupMessengerActivity( 3500): myi  0 500
I/GroupMessengerActivity( 3500): myi  0 500
I/GroupMessengerActivity( 3500): myi  0 500
I/GroupMessengerActivity( 3500): myi  0 500
I/GroupMessengerActivity( 3500): myi  0 500
I/GroupMessengerActivity( 3500): myi  0 500
I/GroupMessengerActivity( 3500): myi  0 500
I/GroupMessengerActivity( 3500): myi  0 500
I/GroupMessengerActivity( 3500): myi  0 500
I/GroupMessengerActivity( 3500): myi  0 500
I/GroupMessengerActivity( 3500): myi  0 500
I/GroupMessengerActivity( 3500): myi  0 500
I/GroupMessengerActivity( 3500): myi  0 500
I/GroupMessengerActivity( 3500): myi  0 500
I/GroupMessengerActivity( 3500): myi  0 500
I/GroupMessengerActivity( 3500): myi  0 500
I/GroupMessengerActivity( 3500): myi  0 500
I/GroupMessengerActivity( 3500): myi  0 500
I/GroupMessengerActivity( 3500): myi  0 500
I/GroupMessengerActivity( 3500): myi  0 500
I/GroupMessengerActivity( 3500): myi  0 500
I/GroupMessengerActivity( 3500): myi  0 500
I/GroupMessengerActivity( 3500): myi  0 500
I/GroupMessengerActivity( 3500): myi  0 500
I/GroupMessengerActivity( 3500): myi  0 500
I/GroupMessengerActivity( 3500): myi  0 500
I/GroupMessengerActivity( 3500): myi  0 500
I/GroupMessengerActivity( 3500): myi  0 500
I/GroupMessengerActivity( 3500): myi  0 500
I/GroupMessengerActivity( 3500): myi  0 500
I/GroupMessengerActivity( 3500): myi  0 500
I/GroupMessengerActivity( 3500): myi  0 500
I/GroupMessengerActivity( 3500): myi  0 500
I/GroupMessengerActivity( 3500): myi  0 500
I/GroupMessengerActivity( 3500): myi  0 500
I/GroupMessengerActivity( 3500): myi  0 500
I/GroupMessengerActivity( 3500): myi  0 500
I/GroupMessengerActivity( 3500): myi  0 500
I/GroupMessengerActivity( 3500): myi  0 500
I/GroupMessengerActivity( 3500): myi  0 500
I/GroupMessengerActivity( 3500): myi  0 500
I/GroupMessengerActivity( 3500): myi  0 500
I/GroupMessengerActivity( 3500): myi  0 500
I/GroupMessengerActivity( 3500): myi  0 500
I/GroupMessengerActivity( 3500): myi  0 500
I/GroupMessengerActivity( 3500): myi  0 500
I/GroupMessengerActivity( 3500): myi  0 500
I/GroupMessengerActivity( 3500): myi  0 500
I/GroupMessengerActivity( 3500): myi  0 500
I/GroupMessengerActivity( 3500): myi  0 500
I/GroupMessengerActivity( 3500): myi  0 500
I/GroupMessengerActivity( 3500): myi  0 500
I/GroupMessengerActivity( 3500): myi  0 500
I/GroupMessengerActivity( 3500): myi  0 500
I/GroupMessengerActivity( 3500): myi  0 500
I/GroupMessengerActivity( 3500): myi  0 500
I/GroupMessengerActivity( 3500): myi  0 500
I/GroupMessengerActivity( 3500): myi  0 500
I/GroupMessengerActivity( 3500): myi  0 500
I/GroupMessengerActivity( 3500): myi  0 500
I/GroupMessengerActivity( 3500): myi  0 500
I/GroupMessengerActivity( 3500): myi  0 500
I/GroupMessengerActivity( 3500): myi  0 500
I/GroupMessengerActivity( 3500): myi  0 500
I/GroupMessengerActivity( 3500): myi  0 500
I/GroupMessengerActivity( 3500): myi  0 500
I/GroupMessengerActivity( 3500): myi  0 500
I/GroupMessengerActivity( 3500): myi  0 500
I/GroupMessengerActivity( 3500): myi  0 500
I/GroupMessengerActivity( 3500): myi  0 500
I/GroupMessengerActivity( 3500): myi  0 500
I/GroupMessengerActivity( 3500): myi  0 500
I/GroupMessengerActivity( 3500): myi  0 500
I/GroupMessengerActivity( 3500): myi  0 500
I/GroupMessengerActivity( 3500): myi  0 500
I/GroupMessengerActivity( 3500): myi  0 500
I/GroupMessengerActivity( 3500): myi  0 500
I/GroupMessengerActivity( 3500): myi  0 500
I/GroupMessengerActivity( 3500): myi  0 500
I/GroupMessengerActivity( 3500): myi  0 500
I/GroupMessengerActivity( 3500): myi  0 500
I/GroupMessengerActivity( 3500): myi  0 500
I/GroupMessengerActivity( 3500): myi  0 500
I/GroupMessengerActivity( 3500): myi  0 500
I/GroupMessengerActivity( 3500): myi  0 500
I/GroupMessengerActivity( 3500): myi  0 500
I/GroupMessengerActivity( 3500): myi  0 500
I/GroupMessengerActivity( 3500): myi  0 500
I/GroupMessengerActivity( 3500): myi  0 500
I/GroupMessengerActivity( 3500): myi  0 500
I/GroupMessengerActivity( 3500): myi  0 500
I/GroupMessengerActivity( 3500): myi  0 500
I/GroupMessengerActivity( 3500): myi  0 500
I/GroupMessengerActivity( 3500): myi  0 500
I/GroupMessengerActivity( 3500): myi  0 500
I/GroupMessengerActivity( 3500): myi  0 500
I/GroupMessengerActivity( 3500): myi  0 500
I/GroupMessengerActivity( 3500): myi  0 500
I/GroupMessengerActivity( 3500): myi  0 500
I/GroupMessengerActivity( 3500): myi  0 500
I/GroupMessengerActivity( 3500): myi  0 500
I/GroupMessengerActivity( 3500): myi  0 500
I/GroupMessengerActivity( 3500): myi  0 500
I/GroupMessengerActivity( 3500): myi  0 500
I/GroupMessengerActivity( 3500): myi  0 500
I/GroupMessengerActivity( 3500): myi  0 500
I/GroupMessengerActivity( 3500): myi  0 500
I/GroupMessengerActivity( 3500): myi  0 500
I/GroupMessengerActivity( 3500): myi  0 500
I/GroupMessengerActivity( 3500): myi  0 500
I/GroupMessengerActivity( 3500): myi  0 500
I/GroupMessengerActivity( 3500): myi  0 500
I/GroupMessengerActivity( 3500): myi  0 500
I/GroupMessengerActivity( 3500): myi  0 500
I/GroupMessengerActivity( 3500): myi  0 500
I/GroupMessengerActivity( 3500): myi  0 500
I/GroupMessengerActivity( 3500): myi  0 500
I/GroupMessengerActivity( 3500): myi  0 500
I/GroupMessengerActivity( 3500): myi  0 500
I/GroupMessengerActivity( 3500): myi  0 500
I/GroupMessengerActivity( 3500): myi  0 500
I/GroupMessengerActivity( 3500): myi  0 500
I/GroupMessengerActivity( 3500): myi  0 500
I/GroupMessengerActivity( 3500): myi  0 500
I/GroupMessengerActivity( 3500): myi  0 500
I/GroupMessengerActivity( 3500): myi  0 500
I/GroupMessengerActivity( 3500): myi  0 500
I/GroupMessengerActivity( 3500): myi  0 500
I/GroupMessengerActivity( 3500): myi  0 500
I/GroupMessengerActivity( 3500): myi  0 500
I/GroupMessengerActivity( 3500): myi  0 500
I/GroupMessengerActivity( 3500): myi  0 500
I/GroupMessengerActivity( 3500): myi  0 500
I/GroupMessengerActivity( 3500): myi  0 500
I/GroupMessengerActivity( 3500): myi  0 500
I/GroupMessengerActivity( 3500): myi  0 500
I/GroupMessengerActivity( 3500): myi  0 500
I/GroupMessengerActivity( 3500): myi  0 500
I/GroupMessengerActivity( 3500): myi  0 500
I/GroupMessengerActivity( 3500): myi  0 500
I/GroupMessengerActivity( 3500): myi  0 500
I/GroupMessengerActivity( 3500): myi  0 500
I/GroupMessengerActivity( 3500): myi  0 500
I/GroupMessengerActivity( 3500): myi  0 500
I/GroupMessengerActivity( 3500): myi  0 500
I/GroupMessengerActivity( 3500): myi  0 500
I/GroupMessengerActivity( 3500): myi  0 500
I/GroupMessengerActivity( 3500): myi  0 500
I/GroupMessengerActivity( 3500): myi  0 500
I/GroupMessengerActivity( 3500): myi  0 500
I/GroupMessengerActivity( 3500): myi  0 500
I/GroupMessengerActivity( 3500): myi  0 500
I/GroupMessengerActivity( 3500): myi  0 500
I/GroupMessengerActivity( 3500): myi  0 500
I/GroupMessengerActivity( 3500): myi  0 500
I/GroupMessengerActivity( 3500): myi  0 500
I/GroupMessengerActivity( 3500): myi  0 500
I/GroupMessengerActivity( 3500): myi  0 500
I/GroupMessengerActivity( 3500): myi  0 500
I/GroupMessengerActivity( 3500): myi  0 500
I/GroupMessengerActivity( 3500): myi  0 500
I/GroupMessengerActivity( 3500): myi  0 500
I/GroupMessengerActivity( 3500): myi  0 500
I/GroupMessengerActivity( 3500): myi  0 500
I/GroupMessengerActivity( 3500): myi  0 500
I/GroupMessengerActivity( 3500): myi  0 500
I/GroupMessengerActivity( 3500): myi  0 500
I/GroupMessengerActivity( 3500): myi  0 500
I/GroupMessengerActivity( 3500): myi  0 500
I/GroupMessengerActivity( 3500): myi  0 500
I/GroupMessengerActivity( 3500): myi  0 500
I/GroupMessengerActivity( 3500): myi  0 500
I/GroupMessengerActivity( 3500): myi  0 500
I/GroupMessengerActivity( 3500): myi  0 500
I/GroupMessengerActivity( 3500): myi  0 500
I/GroupMessengerActivity( 3500): myi  0 500
I/GroupMessengerActivity( 3500): myi  0 500
I/GroupMessengerActivity( 3500): myi  0 500
I/GroupMessengerActivity( 3500): myi  0 500
I/GroupMessengerActivity( 3500): myi  0 500
I/GroupMessengerActivity( 3500): myi  0 500
I/GroupMessengerActivity( 3500): myi  0 500
I/GroupMessengerActivity( 3500): myi  0 500
I/GroupMessengerActivity( 3500): myi  0 500
I/GroupMessengerActivity( 3500): myi  0 500
I/GroupMessengerActivity( 3500): myi  0 500
I/GroupMessengerActivity( 3500): myi  0 500
I/GroupMessengerActivity( 3500): myi  0 500
I/GroupMessengerActivity( 3500): myi  0 500
I/GroupMessengerActivity( 3500): myi  0 500
I/GroupMessengerActivity( 3500): myi  0 500
I/GroupMessengerActivity( 3500): myi  0 500
I/GroupMessengerActivity( 3500): myi  0 500
I/GroupMessengerActivity( 3500): myi  0 500
I/GroupMessengerActivity( 3500): myi  0 500
I/GroupMessengerActivity( 3500): myi  0 500
I/GroupMessengerActivity( 3500): myi  0 500
I/GroupMessengerActivity( 3500): myi  0 500
I/GroupMessengerActivity( 3500): myi  0 500
I/GroupMessengerActivity( 3500): myi  0 500
I/GroupMessengerActivity( 3500): myi  0 500
I/GroupMessengerActivity( 3500): myi  0 500
I/GroupMessengerActivity( 3500): myi  0 500
I/GroupMessengerActivity( 3500): myi  0 500
I/GroupMessengerActivity( 3500): myi  0 500
I/GroupMessengerActivity( 3500): myi  0 500
I/GroupMessengerActivity( 3500): myi  0 500
I/GroupMessengerActivity( 3500): myi  0 500
I/GroupMessengerActivity( 3500): myi  0 500
I/GroupMessengerActivity( 3500): myi  0 500
I/GroupMessengerActivity( 3500): myi  0 500
I/GroupMessengerActivity( 3500): myi  0 500
I/GroupMessengerActivity( 3500): myi  0 500
I/GroupMessengerActivity( 3500): myi  0 500
I/GroupMessengerActivity( 3500): myi  0 500
I/GroupMessengerActivity( 3500): myi  0 500
I/GroupMessengerActivity( 3500): myi  0 500
I/GroupMessengerActivity( 3500): myi  0 500
I/GroupMessengerActivity( 3500): myi  0 500
I/GroupMessengerActivity( 3500): myi  0 500
I/GroupMessengerActivity( 3500): myi  0 500
I/GroupMessengerActivity( 3500): myi  0 500
I/GroupMessengerActivity( 3500): myi  0 500
I/GroupMessengerActivity( 3500): myi  0 500
I/GroupMessengerActivity( 3500): myi  0 500
I/GroupMessengerActivity( 3500): myi  0 500
I/GroupMessengerActivity( 3500): myi  0 500
I/GroupMessengerActivity( 3500): myi  0 500
I/GroupMessengerActivity( 3500): myi  0 500
I/GroupMessengerActivity( 3500): myi  0 500
I/GroupMessengerActivity( 3500): myi  0 500
I/GroupMessengerActivity( 3500): myi  0 500
I/GroupMessengerActivity( 3500): myi  0 500
I/GroupMessengerActivity( 3500): myi  0 500
I/GroupMessengerActivity( 3500): myi  0 500
I/GroupMessengerActivity( 3500): myi  0 500
I/GroupMessengerActivity( 3500): myi  0 500
I/GroupMessengerActivity( 3500): myi  0 500
I/GroupMessengerActivity( 3500): myi  0 500
I/GroupMessengerActivity( 3500): myi  0 500
I/GroupMessengerActivity( 3500): myi  0 500
I/GroupMessengerActivity( 3500): myi  0 500
I/GroupMessengerActivity( 3500): myi  0 500
I/GroupMessengerActivity( 3500): myi  0 500
I/GroupMessengerActivity( 3500): myi  0 500
I/GroupMessengerActivity( 3500): myi  0 500
I/GroupMessengerActivity( 3500): myi  0 500
I/GroupMessengerActivity( 3500): myi  0 500
I/GroupMessengerActivity( 3500): myi  0 500
I/GroupMessengerActivity( 3500): myi  0 500
I/GroupMessengerActivity( 3500): myi  0 500
I/GroupMessengerActivity( 3500): myi  0 500
I/GroupMessengerActivity( 3500): myi  0 500
I/GroupMessengerActivity( 3500): myi  0 500
I/GroupMessengerActivity( 3500): myi  0 500
I/GroupMessengerActivity( 3500): myi  0 500
I/GroupMessengerActivity( 3500): myi  0 500
I/GroupMessengerActivity( 3500): myi  0 500
I/GroupMessengerActivity( 3500): myi  0 500
I/GroupMessengerActivity( 3500): myi  0 500
I/GroupMessengerActivity( 3500): myi  0 500
I/GroupMessengerActivity( 3500): myi  0 500
I/GroupMessengerActivity( 3500): myi  0 500
I/GroupMessengerActivity( 3500): myi  0 500
I/GroupMessengerActivity( 3500): myi  0 500
I/GroupMessengerActivity( 3500): myi  0 500
I/GroupMessengerActivity( 3500): myi  0 500
I/GroupMessengerActivity( 3500): myi  0 500
I/GroupMessengerActivity( 3500): myi  0 500
I/GroupMessengerActivity( 3500): myi  0 500
I/GroupMessengerActivity( 3500): myi  0 500
I/GroupMessengerActivity( 3500): myi  0 500
I/GroupMessengerActivity( 3500): myi  0 500
I/GroupMessengerActivity( 3500): myi  0 500
I/GroupMessengerActivity( 3500): myi  0 500
I/GroupMessengerActivity( 3500): myi  0 500
I/GroupMessengerActivity( 3500): myi  0 500
I/GroupMessengerActivity( 3500): myi  0 500
I/GroupMessengerActivity( 3500): myi  0 500
I/GroupMessengerActivity( 3500): myi  0 500
I/GroupMessengerActivity( 3500): myi  0 500
I/GroupMessengerActivity( 3500): myi  0 500
I/GroupMessengerActivity( 3500): myi  0 500
I/GroupMessengerActivity( 3500): myi  0 500
I/GroupMessengerActivity( 3500): myi  0 500
I/GroupMessengerActivity( 3500): myi  0 500
I/GroupMessengerActivity( 3500): myi  0 500
I/GroupMessengerActivity( 3500): myi  0 500
I/GroupMessengerActivity( 3500): myi  0 500
I/GroupMessengerActivity( 3500): myi  0 500
I/GroupMessengerActivity( 3500): myi  0 500
I/GroupMessengerActivity( 3500): myi  0 500
I/GroupMessengerActivity( 3500): myi  0 500
I/GroupMessengerActivity( 3500): myi  0 500
I/GroupMessengerActivity( 3500): myi  0 500
I/GroupMessengerActivity( 3500): myi  0 500
I/GroupMessengerActivity( 3500): myi  0 500
I/GroupMessengerActivity( 3500): myi  0 500
I/GroupMessengerActivity( 3500): myi  0 500
I/GroupMessengerActivity( 3500): myi  0 500
I/GroupMessengerActivity( 3500): myi  0 500
I/GroupMessengerActivity( 3500): myi  0 500
I/GroupMessengerActivity( 3500): myi  0 500
I/GroupMessengerActivity( 3500): myi  0 500
I/GroupMessengerActivity( 3500): myi  0 500
I/GroupMessengerActivity( 3500): myi  0 500
I/GroupMessengerActivity( 3500): myi  0 500
I/GroupMessengerActivity( 3500): myi  0 500
I/GroupMessengerActivity( 3500): myi  0 500
I/GroupMessengerActivity( 3500): myi  0 500
I/GroupMessengerActivity( 3500): myi  0 500
I/GroupMessengerActivity( 3500): myi  0 500
I/GroupMessengerActivity( 3500): myi  0 500
I/GroupMessengerActivity( 3500): myi  0 500
I/GroupMessengerActivity( 3500): myi  0 500
I/GroupMessengerActivity( 3500): myi  0 500
I/GroupMessengerActivity( 3500): myi  0 500
I/GroupMessengerActivity( 3500): myi  0 500
I/GroupMessengerActivity( 3500): myi  0 500
I/GroupMessengerActivity( 3500): myi  0 500
I/GroupMessengerActivity( 3500): myi  0 500
I/GroupMessengerActivity( 3500): myi  0 500
I/GroupMessengerActivity( 3500): myi  0 500
I/GroupMessengerActivity( 3500): myi  0 500
I/GroupMessengerActivity( 3500): myi  0 500
I/GroupMessengerActivity( 3500): myi  0 500
I/GroupMessengerActivity( 3500): myi  0 500
I/GroupMessengerActivity( 3500): myi  0 500
I/GroupMessengerActivity( 3500): myi  0 500
I/GroupMessengerActivity( 3500): myi  0 500
I/GroupMessengerActivity( 3500): myi  0 500
I/GroupMessengerActivity( 3500): myi  0 500
I/GroupMessengerActivity( 3500): myi  0 500
I/GroupMessengerActivity( 3500): myi  0 500
I/GroupMessengerActivity( 3500): myi  0 500
I/GroupMessengerActivity( 3500): myi  0 500
I/GroupMessengerActivity( 3500): myi  0 500
I/GroupMessengerActivity( 3500): myi  0 500
I/GroupMessengerActivity( 3500): myi  0 500
I/GroupMessengerActivity( 3500): myi  0 500
I/GroupMessengerActivity( 3500): myi  0 500
I/GroupMessengerActivity( 3500): myi  0 500
I/GroupMessengerActivity( 3500): myi  0 500
I/GroupMessengerActivity( 3500): myi  0 500
I/GroupMessengerActivity( 3500): myi  0 500
I/GroupMessengerActivity( 3500): myi  0 500
I/GroupMessengerActivity( 3500): myi  0 500
I/GroupMessengerActivity( 3500): myi  0 500
I/GroupMessengerActivity( 3500): myi  0 500
I/GroupMessengerActivity( 3500): myi  0 500
I/GroupMessengerActivity( 3500): myi  0 500
I/GroupMessengerActivity( 3500): myi  0 500
I/GroupMessengerActivity( 3500): myi  0 500
I/GroupMessengerActivity( 3500): myi  0 500
I/GroupMessengerActivity( 3500): myi  0 500
I/GroupMessengerActivity( 3500): myi  0 500
I/GroupMessengerActivity( 3500): myi  0 500
I/GroupMessengerActivity( 3500): myi  0 500
I/GroupMessengerActivity( 3500): myi  0 500
I/GroupMessengerActivity( 3500): myi  0 500
I/GroupMessengerActivity( 3500): myi  0 500
I/GroupMessengerActivity( 3500): myi  0 500
I/GroupMessengerActivity( 3500): myi  0 500
I/GroupMessengerActivity( 3500): myi  0 500
I/GroupMessengerActivity( 3500): myi  0 500
I/GroupMessengerActivity( 3500): myi  0 500
I/GroupMessengerActivity( 3500): myi  0 500
I/GroupMessengerActivity( 3500): myi  0 500
I/GroupMessengerActivity( 3500): myi  0 500
I/GroupMessengerActivity( 3500): myi  0 500
I/GroupMessengerActivity( 3500): myi  0 500
I/GroupMessengerActivity( 3500): myi  0 500
I/GroupMessengerActivity( 3500): myi  0 500
I/GroupMessengerActivity( 3500): myi  0 500
I/GroupMessengerActivity( 3500): myi  0 500
I/GroupMessengerActivity( 3500): myi  0 500
I/GroupMessengerActivity( 3500): myi  0 500
I/GroupMessengerActivity( 3500): myi  0 500
I/GroupMessengerActivity( 3500): myi  0 500
I/GroupMessengerActivity( 3500): myi  0 500
I/GroupMessengerActivity( 3500): myi  0 500
I/GroupMessengerActivity( 3500): myi  0 500
I/GroupMessengerActivity( 3500): myi  0 500
I/GroupMessengerActivity( 3500): myi  0 500
I/GroupMessengerActivity( 3500): myi  0 500
I/GroupMessengerActivity( 3500): myi  0 500
I/GroupMessengerActivity( 3500): myi  0 500
I/GroupMessengerActivity( 3500): myi  0 500
I/GroupMessengerActivity( 3500): myi  0 500
I/GroupMessengerActivity( 3500): myi  0 500
I/GroupMessengerActivity( 3500): myi  0 500
I/GroupMessengerActivity( 3500): myi  0 500
I/GroupMessengerActivity( 3500): myi  0 500
I/GroupMessengerActivity( 3500): myi  0 500
I/GroupMessengerActivity( 3500): myi  0 500
I/GroupMessengerActivity( 3500): myi  0 500
I/GroupMessengerActivity( 3500): myi  0 500
I/GroupMessengerActivity( 3500): myi  0 500
I/GroupMessengerActivity( 3500): myi  0 500
I/GroupMessengerActivity( 3500): myi  0 500
I/GroupMessengerActivity( 3500): myi  0 500
I/GroupMessengerActivity( 3500): myi  0 500
I/GroupMessengerActivity( 3500): myi  0 500
I/GroupMessengerActivity( 3500): myi  0 500
I/GroupMessengerActivity( 3500): myi  0 500
I/GroupMessengerActivity( 3500): myi  0 500
I/GroupMessengerActivity( 3500): myi  0 500
I/GroupMessengerActivity( 3500): myi  0 500
I/GroupMessengerActivity( 3500): myi  0 500
I/GroupMessengerActivity( 3500): myi  0 500
I/GroupMessengerActivity( 3500): myi  0 500
I/GroupMessengerActivity( 3500): myi  0 500
I/GroupMessengerActivity( 3500): myi  0 500
I/GroupMessengerActivity( 3500): myi  0 500
I/GroupMessengerActivity( 3500): myi  0 500
I/GroupMessengerActivity( 3500): myi  0 500
I/GroupMessengerActivity( 3500): myi  0 500
I/GroupMessengerActivity( 3500): myi  0 500
I/GroupMessengerActivity( 3500): myi  0 500
I/GroupMessengerActivity( 3500): myi  0 500
I/GroupMessengerActivity( 3500): myi  0 500
I/GroupMessengerActivity( 3500): myi  0 500
I/GroupMessengerActivity( 3500): myi  0 500
I/GroupMessengerActivity( 3500): myi  0 500
I/GroupMessengerActivity( 3500): myi  0 500
I/GroupMessengerActivity( 3500): myi  0 500
I/GroupMessengerActivity( 3500): myi  0 500
I/GroupMessengerActivity( 3500): myi  0 500
I/GroupMessengerActivity( 3500): myi  0 500
I/GroupMessengerActivity( 3500): myi  0 500
I/GroupMessengerActivity( 3500): myi  0 500
I/GroupMessengerActivity( 3500): myi  0 500
I/GroupMessengerActivity( 3500): myi  0 500
I/GroupMessengerActivity( 3500): myi  0 500
I/GroupMessengerActivity( 3500): myi  0 500
I/GroupMessengerActivity( 3500): myi  0 500
I/GroupMessengerActivity( 3500): myi  0 500
I/GroupMessengerActivity( 3500): myi  0 500
I/GroupMessengerActivity( 3500): myi  0 500
I/GroupMessengerActivity( 3500): myi  0 500
I/GroupMessengerActivity( 3500): myi  0 500
I/GroupMessengerActivity( 3500): myi  0 500
I/GroupMessengerActivity( 3500): myi  0 500
I/GroupMessengerActivity( 3500): myi  0 500
I/GroupMessengerActivity( 3500): myi  0 500
I/GroupMessengerActivity( 3500): myi  0 500
I/GroupMessengerActivity( 3500): myi  0 500
I/GroupMessengerActivity( 3500): myi  0 500
I/GroupMessengerActivity( 3500): myi  0 500
I/GroupMessengerActivity( 3500): myi  0 500
I/GroupMessengerActivity( 3500): myi  0 500
I/GroupMessengerActivity( 3500): myi  0 500
I/GroupMessengerActivity( 3500): myi  0 500
I/GroupMessengerActivity( 3500): myi  0 500
I/GroupMessengerActivity( 3500): myi  0 500
I/GroupMessengerActivity( 3500): myi  0 500
I/GroupMessengerActivity( 3500): myi  0 500
I/GroupMessengerActivity( 3500): myi  0 500
I/GroupMessengerActivity( 3500): myi  0 500
I/GroupMessengerActivity( 3500): myi  0 500
I/GroupMessengerActivity( 3500): myi  0 500
I/GroupMessengerActivity( 3500): myi  0 500
I/GroupMessengerActivity( 3500): myi  0 500
I/GroupMessengerActivity( 3500): myi  0 500
I/GroupMessengerActivity( 3500): myi  0 500
I/GroupMessengerActivity( 3500): myi  0 500
I/GroupMessengerActivity( 3500): myi  0 500
I/GroupMessengerActivity( 3500): myi  0 500
I/GroupMessengerActivity( 3500): myi  0 500
I/GroupMessengerActivity( 3500): myi  0 500
I/GroupMessengerActivity( 3500): myi  0 500
I/GroupMessengerActivity( 3500): myi  0 500
I/GroupMessengerActivity( 3500): myi  0 500
I/GroupMessengerActivity( 3500): myi  0 500
I/GroupMessengerActivity( 3500): myi  0 500
I/GroupMessengerActivity( 3500): myi  0 500
I/GroupMessengerActivity( 3500): myi  0 500
I/GroupMessengerActivity( 3500): myi  0 500
I/GroupMessengerActivity( 3500): myi  0 500
I/GroupMessengerActivity( 3500): myi  0 500
I/GroupMessengerActivity( 3500): myi  0 500
I/GroupMessengerActivity( 3500): myi  0 500
I/GroupMessengerActivity( 3500): myi  0 500
I/GroupMessengerActivity( 3500): myi  0 500
I/GroupMessengerActivity( 3500): myi  0 500
I/GroupMessengerActivity( 3500): myi  0 500
I/GroupMessengerActivity( 3500): myi  0 500
I/GroupMessengerActivity( 3500): myi  0 500
I/GroupMessengerActivity( 3500): myi  0 500
I/GroupMessengerActivity( 3500): myi  0 500
I/GroupMessengerActivity( 3500): myi  0 500
I/GroupMessengerActivity( 3500): myi  0 500
I/GroupMessengerActivity( 3500): myi  0 500
I/GroupMessengerActivity( 3500): myi  0 500
I/GroupMessengerActivity( 3500): myi  0 500
I/GroupMessengerActivity( 3500): myi  0 500
I/GroupMessengerActivity( 3500): myi  0 500
I/GroupMessengerActivity( 3500): myi  0 500
I/GroupMessengerActivity( 3500): myi  0 500
I/GroupMessengerActivity( 3500): myi  0 500
I/GroupMessengerActivity( 3500): myi  0 500
I/GroupMessengerActivity( 3500): myi  0 500
I/GroupMessengerActivity( 3500): myi  0 500
I/GroupMessengerActivity( 3500): myi  0 500
I/GroupMessengerActivity( 3500): myi  0 500
I/GroupMessengerActivity( 3500): myi  0 500
I/GroupMessengerActivity( 3500): myi  0 500
I/GroupMessengerActivity( 3500): myi  0 500
I/GroupMessengerActivity( 3500): myi  0 500
I/GroupMessengerActivity( 3500): myi  0 500
I/GroupMessengerActivity( 3500): myi  0 500
I/GroupMessengerActivity( 3500): myi  0 500
I/GroupMessengerActivity( 3500): myi  0 500
I/GroupMessengerActivity( 3500): myi  0 500
I/GroupMessengerActivity( 3500): myi  0 500
I/GroupMessengerActivity( 3500): myi  0 500
I/GroupMessengerActivity( 3500): myi  0 500
I/GroupMessengerActivity( 3500): myi  0 500
I/GroupMessengerActivity( 3500): myi  0 500
I/GroupMessengerActivity( 3500): myi  0 500
I/GroupMessengerActivity( 3500): myi  0 500
I/GroupMessengerActivity( 3500): myi  0 500
I/GroupMessengerActivity( 3500): myi  0 500
I/GroupMessengerActivity( 3500): myi  0 500
I/GroupMessengerActivity( 3500): myi  0 500
I/GroupMessengerActivity( 3500): myi  0 500
I/GroupMessengerActivity( 3500): myi  0 500
I/GroupMessengerActivity( 3500): myi  0 500
I/GroupMessengerActivity( 3500): myi  0 500
I/GroupMessengerActivity( 3500): myi  0 500
I/GroupMessengerActivity( 3500): myi  0 500
I/GroupMessengerActivity( 3500): myi  0 500
I/GroupMessengerActivity( 3500): myi  0 500
I/GroupMessengerActivity( 3500): myi  0 500
I/GroupMessengerActivity( 3500): myi  0 500
I/GroupMessengerActivity( 3500): myi  0 500
I/GroupMessengerActivity( 3500): myi  0 500
I/GroupMessengerActivity( 3500): myi  0 500
I/GroupMessengerActivity( 3500): myi  0 500
I/GroupMessengerActivity( 3500): myi  0 500
I/GroupMessengerActivity( 3500): myi  0 500
I/GroupMessengerActivity( 3500): myi  0 500
I/GroupMessengerActivity( 3500): myi  0 500
I/GroupMessengerActivity( 3500): myi  0 500
I/GroupMessengerActivity( 3500): myi  0 500
I/GroupMessengerActivity( 3500): myi  0 500
I/GroupMessengerActivity( 3500): myi  0 500
I/GroupMessengerActivity( 3500): myi  0 500
I/GroupMessengerActivity( 3500): myi  0 500
I/GroupMessengerActivity( 3500): myi  0 500
I/GroupMessengerActivity( 3500): myi  0 500
I/GroupMessengerActivity( 3500): myi  0 500
I/GroupMessengerActivity( 3500): myi  0 500
I/GroupMessengerActivity( 3500): myi  0 500
I/GroupMessengerActivity( 3500): myi  0 500
I/GroupMessengerActivity( 3500): myi  0 500
I/GroupMessengerActivity( 3500): myi  0 500
I/GroupMessengerActivity( 3500): myi  0 500
I/GroupMessengerActivity( 3500): myi  0 500
I/GroupMessengerActivity( 3500): myi  0 500
I/GroupMessengerActivity( 3500): myi  0 500
I/GroupMessengerActivity( 3500): myi  0 500
I/GroupMessengerActivity( 3500): myi  0 500
I/GroupMessengerActivity( 3500): myi  0 500
I/GroupMessengerActivity( 3500): myi  0 500
I/GroupMessengerActivity( 3500): myi  0 500
I/GroupMessengerActivity( 3500): myi  0 500
I/GroupMessengerActivity( 3500): myi  0 500
I/GroupMessengerActivity( 3500): myi  0 500
I/GroupMessengerActivity( 3500): myi  0 500
I/GroupMessengerActivity( 3500): myi  0 500
I/GroupMessengerActivity( 3500): myi  0 500
I/GroupMessengerActivity( 3500): myi  0 500
I/GroupMessengerActivity( 3500): myi  0 500
I/GroupMessengerActivity( 3500): myi  0 500
I/GroupMessengerActivity( 3500): myi  0 500
I/GroupMessengerActivity( 3500): myi  0 500
I/GroupMessengerActivity( 3500): myi  0 500
I/GroupMessengerActivity( 3500): myi  0 500
I/GroupMessengerActivity( 3500): myi  0 500
I/GroupMessengerActivity( 3500): myi  0 500
I/GroupMessengerActivity( 3500): myi  0 500
I/GroupMessengerActivity( 3500): myi  0 500
I/GroupMessengerActivity( 3500): myi  0 500
I/GroupMessengerActivity( 3500): myi  0 500
I/GroupMessengerActivity( 3500): myi  0 500
I/GroupMessengerActivity( 3500): myi  0 500
I/GroupMessengerActivity( 3500): myi  0 500
I/GroupMessengerActivity( 3500): myi  0 500
I/GroupMessengerActivity( 3500): myi  0 500
I/GroupMessengerActivity( 3500): myi  0 500
I/GroupMessengerActivity( 3500): myi  0 500
I/GroupMessengerActivity( 3500): myi  0 500
I/GroupMessengerActivity( 3500): myi  0 500
I/GroupMessengerActivity( 3500): myi  0 500
I/GroupMessengerActivity( 3500): myi  0 500
I/GroupMessengerActivity( 3500): myi  0 500
I/GroupMessengerActivity( 3500): myi  0 500
I/GroupMessengerActivity( 3500): myi  0 500
I/GroupMessengerActivity( 3500): myi  0 500
I/GroupMessengerActivity( 3500): myi  0 500
I/GroupMessengerActivity( 3500): myi  0 500
I/GroupMessengerActivity( 3500): myi  0 500
I/GroupMessengerActivity( 3500): myi  0 500
I/GroupMessengerActivity( 3500): myi  0 500
I/GroupMessengerActivity( 3500): myi  0 500
I/GroupMessengerActivity( 3500): myi  0 500
I/GroupMessengerActivity( 3500): myi  0 500
I/GroupMessengerActivity( 3500): myi  0 500
I/GroupMessengerActivity( 3500): myi  0 500
I/GroupMessengerActivity( 3500): myi  0 500
I/GroupMessengerActivity( 3500): myi  0 500
I/GroupMessengerActivity( 3500): myi  0 500
I/GroupMessengerActivity( 3500): myi  0 500
I/GroupMessengerActivity( 3500): myi  0 500
I/GroupMessengerActivity( 3500): myi  0 500
I/GroupMessengerActivity( 3500): myi  0 500
I/GroupMessengerActivity( 3500): myi  0 500
I/GroupMessengerActivity( 3500): myi  0 500
I/GroupMessengerActivity( 3500): myi  0 500
I/GroupMessengerActivity( 3500): myi  0 500
I/GroupMessengerActivity( 3500): myi  0 500
I/GroupMessengerActivity( 3500): myi  0 500
I/GroupMessengerActivity( 3500): myi  0 500
I/GroupMessengerActivity( 3500): myi  0 500
I/GroupMessengerActivity( 3500): myi  0 500
I/GroupMessengerActivity( 3500): myi  0 500
I/GroupMessengerActivity( 3500): myi  0 500
I/GroupMessengerActivity( 3500): myi  0 500
I/GroupMessengerActivity( 3500): myi  0 500
I/GroupMessengerActivity( 3500): myi  0 500
I/GroupMessengerActivity( 3500): myi  0 500
I/GroupMessengerActivity( 3500): myi  0 500
I/GroupMessengerActivity( 3500): myi  0 500
I/GroupMessengerActivity( 3500): myi  0 500
I/GroupMessengerActivity( 3500): myi  0 500
I/GroupMessengerActivity( 3500): myi  0 500
D/dalvikvm( 3500): GC_FOR_ALLOC freed 511K, 17% free 3002K/3612K, paused 12ms, total 12ms
I/GroupMessengerActivity( 3500): myi  0 500
I/GroupMessengerActivity( 3500): myi  0 500
I/GroupMessengerActivity( 3500): myi  0 500
I/GroupMessengerActivity( 3500): myi  0 500
I/GroupMessengerActivity( 3500): myi  0 500
I/GroupMessengerActivity( 3500): myi  0 500
I/GroupMessengerActivity( 3500): myi  0 500
I/GroupMessengerActivity( 3500): myi  0 500
I/GroupMessengerActivity( 3500): myi  0 500
I/GroupMessengerActivity( 3500): myi  0 500
I/GroupMessengerActivity( 3500): myi  0 500
I/GroupMessengerActivity( 3500): myi  0 500
I/GroupMessengerActivity( 3500): myi  0 500
I/GroupMessengerActivity( 3500): myi  0 500
I/GroupMessengerActivity( 3500): myi  0 500
I/GroupMessengerActivity( 3500): myi  0 500
I/GroupMessengerActivity( 3500): myi  0 500
I/GroupMessengerActivity( 3500): myi  0 500
I/GroupMessengerActivity( 3500): myi  0 500
I/GroupMessengerActivity( 3500): myi  0 500
I/GroupMessengerActivity( 3500): myi  0 500
I/GroupMessengerActivity( 3500): myi  0 500
I/GroupMessengerActivity( 3500): myi  0 500
I/GroupMessengerActivity( 3500): myi  0 500
I/GroupMessengerActivity( 3500): myi  0 500
I/GroupMessengerActivity( 3500): myi  0 500
I/GroupMessengerActivity( 3500): myi  0 500
I/GroupMessengerActivity( 3500): myi  0 500
I/GroupMessengerActivity( 3500): myi  0 500
I/GroupMessengerActivity( 3500): myi  0 500
I/GroupMessengerActivity( 3500): myi  0 500
I/GroupMessengerActivity( 3500): myi  0 500
I/GroupMessengerActivity( 3500): myi  0 500
I/GroupMessengerActivity( 3500): myi  0 500
I/GroupMessengerActivity( 3500): myi  0 500
I/GroupMessengerActivity( 3500): myi  0 500
I/GroupMessengerActivity( 3500): myi  0 500
I/GroupMessengerActivity( 3500): myi  0 500
I/GroupMessengerActivity( 3500): myi  0 500
I/GroupMessengerActivity( 3500): myi  0 500
I/GroupMessengerActivity( 3500): myi  0 500
I/GroupMessengerActivity( 3500): myi  0 500
I/GroupMessengerActivity( 3500): myi  0 500
I/GroupMessengerActivity( 3500): myi  0 500
I/GroupMessengerActivity( 3500): myi  0 500
I/GroupMessengerActivity( 3500): myi  0 500
I/GroupMessengerActivity( 3500): myi  0 500
I/GroupMessengerActivity( 3500): myi  0 500
I/GroupMessengerActivity( 3500): myi  0 500
I/GroupMessengerActivity( 3500): myi  0 500
I/GroupMessengerActivity( 3500): myi  0 500
I/GroupMessengerActivity( 3500): myi  0 500
I/GroupMessengerActivity( 3500): myi  0 500
I/GroupMessengerActivity( 3500): myi  0 500
I/GroupMessengerActivity( 3500): myi  0 500
I/GroupMessengerActivity( 3500): myi  0 500
I/GroupMessengerActivity( 3500): myi  0 500
I/GroupMessengerActivity( 3500): myi  0 500
I/GroupMessengerActivity( 3500): myi  0 500
I/Process ( 3500): Sending signal. PID: 3500 SIG: 9
E/SoundPool( 1577): error loading /system/media/audio/ui/Effect_Tick.ogg
W/AudioService( 1577): Soundpool could not load file: /system/media/audio/ui/Effect_Tick.ogg
E/SoundPool( 1577): error loading /system/media/audio/ui/Effect_Tick.ogg
W/AudioService( 1577): Soundpool could not load file: /system/media/audio/ui/Effect_Tick.ogg
E/SoundPool( 1577): error loading /system/media/audio/ui/Effect_Tick.ogg
W/AudioService( 1577): Soundpool could not load file: /system/media/audio/ui/Effect_Tick.ogg
E/SoundPool( 1577): error loading /system/media/audio/ui/Effect_Tick.ogg
W/AudioService( 1577): Soundpool could not load file: /system/media/audio/ui/Effect_Tick.ogg
E/SoundPool( 1577): error loading /system/media/audio/ui/Effect_Tick.ogg
W/AudioService( 1577): Soundpool could not load file: /system/media/audio/ui/Effect_Tick.ogg
E/SoundPool( 1577): error loading /system/media/audio/ui/KeypressStandard.ogg
W/AudioService( 1577): Soundpool could not load file: /system/media/audio/ui/KeypressStandard.ogg
E/SoundPool( 1577): error loading /system/media/audio/ui/KeypressSpacebar.ogg
W/AudioService( 1577): Soundpool could not load file: /system/media/audio/ui/KeypressSpacebar.ogg
E/SoundPool( 1577): error loading /system/media/audio/ui/KeypressDelete.ogg
W/AudioService( 1577): Soundpool could not load file: /system/media/audio/ui/KeypressDelete.ogg
E/SoundPool( 1577): error loading /system/media/audio/ui/KeypressReturn.ogg
W/AudioService( 1577): Soundpool could not load file: /system/media/audio/ui/KeypressReturn.ogg
E/SoundPool( 1577): error loading /system/media/audio/ui/KeypressInvalid.ogg
W/AudioService( 1577): Soundpool could not load file: /system/media/audio/ui/KeypressInvalid.ogg
W/AudioService( 1577): onLoadSoundEffects(), Error -1 while loading samples
I/ActivityManager( 1577): Process edu.buffalo.cse.cse486586.groupmessenger2 (pid 3500) has died.
I/ActivityManager( 1577): Killing 1904:android.process.media/u0a5 (adj 15): empty for 1806s
I/ActivityManager( 1577): Killing 1973:com.android.email/u0a24 (adj 15): empty for 1806s
I/ActivityManager( 1577): Killing 1950:com.android.exchange/u0a25 (adj 15): empty for 1806s
D/AndroidRuntime( 3531): 
D/AndroidRuntime( 3531): >>>>>> AndroidRuntime START com.android.internal.os.RuntimeInit <<<<<<
W/linker  ( 3531): libdvm.so has text relocations. This is wasting memory and is a security risk. Please fix.
D/AndroidRuntime( 3531): CheckJNI is ON
D/dalvikvm( 3531): Trying to load lib libjavacore.so 0x0
D/dalvikvm( 3531): Added shared lib libjavacore.so 0x0
D/dalvikvm( 3531): Trying to load lib libnativehelper.so 0x0
D/dalvikvm( 3531): Added shared lib libnativehelper.so 0x0
D/dalvikvm( 3531): No JNI_OnLoad found in libnativehelper.so 0x0, skipping init
D/AndroidRuntime( 3529): 
D/AndroidRuntime( 3529): >>>>>> AndroidRuntime START com.android.internal.os.RuntimeInit <<<<<<
W/linker  ( 3529): libdvm.so has text relocations. This is wasting memory and is a security risk. Please fix.
D/dalvikvm( 3531): Note: class Landroid/app/ActivityManagerNative; has 179 unimplemented (abstract) methods
D/AndroidRuntime( 3529): CheckJNI is ON
D/dalvikvm( 3529): Trying to load lib libjavacore.so 0x0
D/dalvikvm( 3529): Added shared lib libjavacore.so 0x0
D/dalvikvm( 3529): Trying to load lib libnativehelper.so 0x0
D/dalvikvm( 3529): Added shared lib libnativehelper.so 0x0
D/dalvikvm( 3529): No JNI_OnLoad found in libnativehelper.so 0x0, skipping init
D/AndroidRuntime( 3533): 
D/AndroidRuntime( 3533): >>>>>> AndroidRuntime START com.android.internal.os.RuntimeInit <<<<<<
W/linker  ( 3533): libdvm.so has text relocations. This is wasting memory and is a security risk. Please fix.
D/AndroidRuntime( 3533): CheckJNI is ON
D/dalvikvm( 3533): Trying to load lib libjavacore.so 0x0
D/dalvikvm( 3529): Note: class Landroid/app/ActivityManagerNative; has 179 unimplemented (abstract) methods
D/dalvikvm( 3533): Added shared lib libjavacore.so 0x0
D/dalvikvm( 3533): Trying to load lib libnativehelper.so 0x0
D/dalvikvm( 3533): Added shared lib libnativehelper.so 0x0
D/dalvikvm( 3533): No JNI_OnLoad found in libnativehelper.so 0x0, skipping init
E/memtrack( 3529): Couldn't load memtrack module (No such file or directory)
E/android.os.Debug( 3529): failed to load memtrack module: -2
D/dalvikvm( 3533): Note: class Landroid/app/ActivityManagerNative; has 179 unimplemented (abstract) methods
E/memtrack( 3531): Couldn't load memtrack module (No such file or directory)
E/android.os.Debug( 3531): failed to load memtrack module: -2
E/memtrack( 3533): Couldn't load memtrack module (No such file or directory)
E/android.os.Debug( 3533): failed to load memtrack module: -2
D/AndroidRuntime( 3531): Calling main entry com.android.commands.pm.Pm
D/AndroidRuntime( 3529): Calling main entry com.android.commands.pm.Pm
D/AndroidRuntime( 3533): Calling main entry com.android.commands.pm.Pm
D/AndroidRuntime( 3531): Shutting down VM
D/jdwp    ( 3531): Got wake-up signal, bailing out of select
D/dalvikvm( 3531): Debugger has detached; object registry had 1 entries
D/AndroidRuntime( 3533): Shutting down VM
D/AndroidRuntime( 3529): Shutting down VM
D/jdwp    ( 3533): Got wake-up signal, bailing out of select
D/dalvikvm( 3533): Debugger has detached; object registry had 1 entries
